[2026-04-24T13:59:22.161Z] GET /result — IP: ::1
✅ 200 | 24ms | /result
[2026-04-24T13:59:22.218Z] GET /.well-known/appspecific/com.chrome.devtools.json — IP: ::1
✅ 404 | 9ms | /.well-known/appspecific/com.chrome.devtools.json
[2026-04-24T14:00:24.640Z] GET /upload — IP: ::1
✅ 304 | 6ms | /upload
[2026-04-24T14:00:24.666Z] GET /css/upload.css — IP: ::1
✅ 304 | 7ms | /css/upload.css
[2026-04-24T14:00:24.677Z] GET /js/upload.js — IP: ::1
✅ 304 | 2ms | /js/upload.js
[2026-04-24T14:00:48.482Z] GET /css/upload.css — IP: ::1
✅ 304 | 1ms | /css/upload.css
[2026-04-24T14:00:48.515Z] GET /.well-known/appspecific/com.chrome.devtools.json — IP: ::1
✅ 404 | 4ms | /.well-known/appspecific/com.chrome.devtools.json
[2026-04-24T14:01:27.805Z] POST /api/upload?socketId=BgiByx8f3eRWvr9iAAAB — IP: ::1
✅ 200 | 4707ms | /api/upload?socketId=BgiByx8f3eRWvr9iAAAB
[2026-04-24T14:01:34.550Z] GET /result — IP: ::1
✅ 304 | 7ms | /result
[2026-04-24T14:01:34.602Z] GET /.well-known/appspecific/com.chrome.devtools.json — IP: ::1
✅ 404 | 3ms | /.well-known/appspecific/com.chrome.devtools.json
[2026-04-24T14:02:17.493Z] GET /upload — IP: ::1
✅ 304 | 3ms | /upload
[2026-04-24T14:02:17.514Z] GET /css/upload.css — IP: ::1
✅ 304 | 5ms | /css/upload.css
[2026-04-24T14:02:17.521Z] GET /js/upload.js — IP: ::1
✅ 304 | 6ms | /js/upload.js
[2026-04-24T14:05:05.068Z] GET /css/upload.css — IP: ::1
✅ 304 | 2ms | /css/upload.css
[2026-04-24T14:05:05.112Z] GET /.well-known/appspecific/com.chrome.devtools.json — IP: ::1
✅ 404 | 2ms | /.well-known/appspecific/com.chrome.devtools.json
[2026-04-24T14:05:54.334Z] POST /api/upload?socketId=CgI-6hUS0yKaNpIQAAAD — IP: ::1
✅ 200 | 4406ms | /api/upload?socketId=CgI-6hUS0yKaNpIQAAAD
[2026-04-24T14:06:00.770Z] GET /result — IP: ::1
✅ 200 | 4ms | /result
[2026-04-24T14:06:00.842Z] GET /.well-known/appspecific/com.chrome.devtools.json — IP: ::1
✅ 404 | 3ms | /.well-known/appspecific/com.chrome.devtools.json
[2026-04-24T14:08:43.053Z] GET /.well-known/appspecific/com.chrome.devtools.json — IP: ::1
✅ 404 | 3ms | /.well-known/appspecific/com.chrome.devtools.json
[2026-04-24T14:15:24.162Z] POST /api/upload?socketId=TK3LQJmH-7L5tNHyAAAF — IP: ::1
✅ 200 | 4250ms | /api/upload?socketId=TK3LQJmH-7L5tNHyAAAF
[2026-04-24T14:15:30.465Z] GET /result — IP: ::1
✅ 200 | 4ms | /result
[2026-04-24T14:15:30.511Z] GET /.well-known/appspecific/com.chrome.devtools.json — IP: ::1
✅ 404 | 3ms | /.well-known/appspecific/com.chrome.devtools.json
[2026-04-24T14:17:30.984Z] GET /result — IP: ::1
✅ 200 | 5ms | /result
[2026-04-24T14:19:28.325Z] GET /result — IP: ::1
✅ 200 | 5ms | /result
[2026-04-24T14:35:03.083Z] GET /result — IP: ::1
✅ 500 | 12ms | /result
[2026-04-24T14:36:35.509Z] GET /result — IP: ::1
✅ 500 | 10ms | /result
[2026-04-24T14:36:36.577Z] GET /result — IP: ::1
✅ 500 | 9ms | /result
[2026-04-24T14:36:36.819Z] GET /result — IP: ::1
✅ 500 | 8ms | /result
[2026-04-24T14:36:37.053Z] GET /result — IP: ::1
✅ 500 | 8ms | /result
[2026-04-24T14:36:37.270Z] GET /result — IP: ::1
✅ 500 | 10ms | /result
[2026-04-24T14:36:37.493Z] GET /result — IP: ::1
✅ 500 | 13ms | /result
[2026-04-24T14:36:37.718Z] GET /result — IP: ::1
✅ 500 | 8ms | /result
[2026-04-24T14:36:51.695Z] GET / — IP: ::1
✅ 304 | 21ms | /
[2026-04-24T14:36:51.753Z] GET /Certify.png — IP: ::1
✅ 304 | 7ms | /Certify.png
[2026-04-24T14:36:53.935Z] GET /upload — IP: ::1
✅ 304 | 6ms | /upload
[2026-04-24T14:36:53.960Z] GET /css/upload.css — IP: ::1
✅ 304 | 5ms | /css/upload.css
[2026-04-24T14:36:53.968Z] GET /js/upload.js — IP: ::1
✅ 304 | 2ms | /js/upload.js
[2026-04-24T14:37:09.745Z] GET /css/upload.css — IP: ::1
✅ 304 | 2ms | /css/upload.css
[2026-04-24T14:37:09.775Z] GET /.well-known/appspecific/com.chrome.devtools.json — IP: ::1
✅ 404 | 3ms | /.well-known/appspecific/com.chrome.devtools.json
[2026-04-24T14:37:41.748Z] POST /api/upload?socketId=xXCJAF_mzg655YzxAAAB — IP: ::1
✅ 200 | 4541ms | /api/upload?socketId=xXCJAF_mzg655YzxAAAB
[2026-04-24T14:37:48.333Z] GET /result — IP: ::1
✅ 500 | 9ms | /result
[2026-04-24T14:37:48.387Z] GET /.well-known/appspecific/com.chrome.devtools.json — IP: ::1
✅ 404 | 2ms | /.well-known/appspecific/com.chrome.devtools.json
[2026-04-24T14:39:20.616Z] GET /result — IP: ::1
✅ 500 | 16ms | /result
[2026-04-24T14:39:21.642Z] GET /result — IP: ::1
✅ 500 | 9ms | /result
[2026-04-24T14:39:21.864Z] GET /result — IP: ::1
✅ 500 | 13ms | /result
[2026-04-24T14:39:22.141Z] GET /result — IP: ::1
✅ 500 | 6ms | /result
[2026-04-24T14:39:29.007Z] GET /css/upload.css — IP: ::1
✅ 304 | 2ms | /css/upload.css
[2026-04-24T14:39:29.036Z] GET /.well-known/appspecific/com.chrome.devtools.json — IP: ::1
✅ 404 | 2ms | /.well-known/appspecific/com.chrome.devtools.json
[2026-04-24T14:41:21.125Z] GET / — IP: ::1
✅ 304 | 29ms | /
[2026-04-24T14:41:21.211Z] GET /Certify.png — IP: ::1
✅ 304 | 6ms | /Certify.png
[2026-04-24T14:41:21.364Z] GET /favicon.ico — IP: ::1
✅ 404 | 4ms | /favicon.ico
[2026-04-24T14:41:22.709Z] GET /upload — IP: ::1
✅ 304 | 2ms | /upload
[2026-04-24T14:41:22.725Z] GET /css/upload.css — IP: ::1
[2026-04-24T14:41:22.731Z] GET /js/upload.js — IP: ::1
✅ 304 | 12ms | /css/upload.css
✅ 304 | 9ms | /js/upload.js
[2026-04-24T14:41:31.047Z] GET /css/upload.css — IP: ::1
✅ 304 | 3ms | /css/upload.css
[2026-04-24T14:41:31.070Z] GET /.well-known/appspecific/com.chrome.devtools.json — IP: ::1
✅ 404 | 4ms | /.well-known/appspecific/com.chrome.devtools.json
[2026-04-24T14:42:01.439Z] POST /api/login — IP: ::1
✅ 200 | 226ms | /api/login
[2026-04-24T14:42:24.218Z] POST /api/upload?socketId=2kOhLKdwNpv8C0qyAAAB — IP: ::1
✅ 200 | 4522ms | /api/upload?socketId=2kOhLKdwNpv8C0qyAAAB
[2026-04-24T14:42:30.769Z] GET /result — IP: ::1
✅ 500 | 10ms | /result
[2026-04-24T14:42:30.819Z] GET /.well-known/appspecific/com.chrome.devtools.json — IP: ::1
✅ 404 | 3ms | /.well-known/appspecific/com.chrome.devtools.json
[2026-04-24T14:43:13.584Z] GET /result — IP: ::1
✅ 200 | 7ms | /result
[2026-04-24T14:43:13.634Z] GET /.well-known/appspecific/com.chrome.devtools.json — IP: ::1
✅ 404 | 2ms | /.well-known/appspecific/com.chrome.devtools.json
[2026-04-24T14:45:57.022Z] GET /result — IP: ::1
✅ 200 | 5ms | /result
[2026-04-24T14:47:42.563Z] GET / — IP: ::1
✅ 304 | 20ms | /
[2026-04-24T14:47:42.741Z] GET /Certify.png — IP: ::1
✅ 304 | 4ms | /Certify.png
[2026-04-24T14:47:42.866Z] GET /favicon.ico — IP: ::1
✅ 404 | 25ms | /favicon.ico
[2026-04-24T14:47:44.910Z] GET /upload — IP: ::1
✅ 304 | 10ms | /upload
[2026-04-24T14:47:44.939Z] GET /css/upload.css — IP: ::1
✅ 304 | 8ms | /css/upload.css
[2026-04-24T14:47:44.948Z] GET /js/upload.js — IP: ::1
✅ 304 | 2ms | /js/upload.js
[2026-04-24T14:48:04.268Z] POST /api/upload?socketId=R9uuvkGZRt945MyCAAAB — IP: ::1
✅ 200 | 4681ms | /api/upload?socketId=R9uuvkGZRt945MyCAAAB
[2026-04-24T14:48:10.976Z] GET /result — IP: ::1
✅ 304 | 4ms | /result
[2026-04-24T14:48:39.705Z] GET /upload — IP: ::1
✅ 304 | 3ms | /upload
[2026-04-24T14:48:39.725Z] GET /css/upload.css — IP: ::1
✅ 304 | 5ms | /css/upload.css
[2026-04-24T14:48:39.733Z] GET /js/upload.js — IP: ::1
✅ 304 | 4ms | /js/upload.js
[2026-04-24T14:49:19.914Z] POST /api/upload?socketId=4sxjC-v1aMXtLXrLAAAD — IP: ::1
✅ 200 | 4271ms | /api/upload?socketId=4sxjC-v1aMXtLXrLAAAD
[2026-04-24T14:49:25.963Z] POST /api/upload?socketId=4sxjC-v1aMXtLXrLAAAD — IP: ::1
[2026-04-24T14:49:26.234Z] GET /result — IP: ::1
✅ 304 | 6ms | /result
[2026-04-24T14:50:15.943Z] GET /.well-known/appspecific/com.chrome.devtools.json — IP: ::1
✅ 404 | 3ms | /.well-known/appspecific/com.chrome.devtools.json
[2026-04-24T14:56:14.185Z] POST /api/login — IP: ::1
✅ 200 | 222ms | /api/login
[2026-04-24T14:56:30.950Z] GET /.well-known/appspecific/com.chrome.devtools.json — IP: ::1
✅ 404 | 2ms | /.well-known/appspecific/com.chrome.devtools.json
[2026-04-24T14:59:52.891Z] GET / — IP: ::1
✅ 304 | 30ms | /
[2026-04-24T14:59:52.969Z] GET /Certify.png — IP: ::1
✅ 304 | 4ms | /Certify.png
[2026-04-24T14:59:55.506Z] GET /upload — IP: ::1
✅ 304 | 6ms | /upload
[2026-04-24T14:59:55.528Z] GET /css/upload.css — IP: ::1
✅ 304 | 5ms | /css/upload.css
[2026-04-24T14:59:55.535Z] GET /js/upload.js — IP: ::1
✅ 200 | 8ms | /js/upload.js
[2026-04-24T15:00:07.176Z] POST /api/upload?socketId=wlocqB01QXpQV85gAAAD — IP: ::1
✅ 200 | 4530ms | /api/upload?socketId=wlocqB01QXpQV85gAAAD
[2026-04-24T15:00:13.743Z] GET /result — IP: ::1
✅ 304 | 4ms | /result
[2026-04-24T15:01:22.489Z] GET /.well-known/appspecific/com.chrome.devtools.json — IP: ::1
✅ 404 | 2ms | /.well-known/appspecific/com.chrome.devtools.json
[2026-04-24T15:01:38.156Z] GET /.well-known/appspecific/com.chrome.devtools.json — IP: ::1
✅ 404 | 4ms | /.well-known/appspecific/com.chrome.devtools.json
[2026-04-24T15:02:59.770Z] POST /api/upload?socketId=txyZsuHq7zo2Vlp0AAAF — IP: ::1
✅ 403 | 8ms | /api/upload?socketId=txyZsuHq7zo2Vlp0AAAF
[2026-04-24T15:03:02.314Z] POST /api/upload?socketId=txyZsuHq7zo2Vlp0AAAF — IP: ::1
✅ 403 | 9ms | /api/upload?socketId=txyZsuHq7zo2Vlp0AAAF
[2026-04-24T15:03:03.242Z] POST /api/upload?socketId=txyZsuHq7zo2Vlp0AAAF — IP: ::1
✅ 403 | 8ms | /api/upload?socketId=txyZsuHq7zo2Vlp0AAAF
[2026-04-24T15:03:04.094Z] POST /api/upload?socketId=txyZsuHq7zo2Vlp0AAAF — IP: ::1
✅ 403 | 7ms | /api/upload?socketId=txyZsuHq7zo2Vlp0AAAF
[2026-04-24T15:03:05.141Z] POST /api/upload?socketId=txyZsuHq7zo2Vlp0AAAF — IP: ::1
✅ 403 | 6ms | /api/upload?socketId=txyZsuHq7zo2Vlp0AAAF
[2026-04-24T15:03:12.723Z] POST /api/login — IP: ::1
✅ 200 | 225ms | /api/login
[2026-04-24T15:03:26.990Z] POST /api/upload?socketId=txyZsuHq7zo2Vlp0AAAF — IP: ::1
✅ 403 | 3ms | /api/upload?socketId=txyZsuHq7zo2Vlp0AAAF
[2026-04-24T15:06:21.909Z] POST /api/upload?socketId=txyZsuHq7zo2Vlp0AAAF — IP: ::1
✅ 403 | 10ms | /api/upload?socketId=txyZsuHq7zo2Vlp0AAAF
[2026-04-24T15:06:54.750Z] POST /api/upload?socketId=txyZsuHq7zo2Vlp0AAAF — IP: ::1
✅ 403 | 6ms | /api/upload?socketId=txyZsuHq7zo2Vlp0AAAF
[2026-04-24T15:07:58.892Z] POST /api/upload?socketId=txyZsuHq7zo2Vlp0AAAF — IP: ::1
✅ 403 | 9ms | /api/upload?socketId=txyZsuHq7zo2Vlp0AAAF
[2026-04-24T15:08:34.269Z] GET / — IP: ::1
✅ 304 | 36ms | /
[2026-04-24T15:08:34.435Z] GET /Certify.png — IP: ::1
✅ 304 | 3ms | /Certify.png
[2026-04-24T15:08:34.539Z] GET /favicon.ico — IP: ::1
✅ 404 | 5ms | /favicon.ico
[2026-04-24T15:08:41.812Z] GET /upload — IP: ::1
✅ 304 | 5ms | /upload
[2026-04-24T15:08:41.832Z] GET /css/upload.css — IP: ::1
[2026-04-24T15:08:41.838Z] GET /js/upload.js — IP: ::1
✅ 304 | 6ms | /css/upload.css
✅ 304 | 4ms | /js/upload.js
[2026-04-24T15:08:49.654Z] POST /api/upload?socketId=gEbT527JRWB-DIbxAAAB — IP: ::1
✅ 403 | 14ms | /api/upload?socketId=gEbT527JRWB-DIbxAAAB
[2026-04-24T15:08:54.008Z] POST /api/upload?socketId=gEbT527JRWB-DIbxAAAB — IP: ::1
✅ 403 | 3ms | /api/upload?socketId=gEbT527JRWB-DIbxAAAB
[2026-04-24T15:08:59.750Z] GET /css/upload.css — IP: ::1
✅ 304 | 2ms | /css/upload.css
[2026-04-24T15:08:59.778Z] GET /.well-known/appspecific/com.chrome.devtools.json — IP: ::1
✅ 404 | 3ms | /.well-known/appspecific/com.chrome.devtools.json
[2026-04-24T15:10:08.528Z] POST /api/upload?socketId=gEbT527JRWB-DIbxAAAB — IP: ::1
✅ 403 | 6ms | /api/upload?socketId=gEbT527JRWB-DIbxAAAB
[2026-04-24T15:10:10.254Z] POST /api/upload?socketId=gEbT527JRWB-DIbxAAAB — IP: ::1
✅ 403 | 6ms | /api/upload?socketId=gEbT527JRWB-DIbxAAAB
[2026-04-24T15:11:11.047Z] GET / — IP: ::1
✅ 304 | 23ms | /
[2026-04-24T15:11:11.203Z] GET /Certify.png — IP: ::1
✅ 304 | 2ms | /Certify.png
[2026-04-24T15:11:11.386Z] GET /favicon.ico — IP: ::1
✅ 404 | 6ms | /favicon.ico
[2026-04-24T15:11:12.953Z] GET /upload — IP: ::1
✅ 304 | 7ms | /upload
[2026-04-24T15:11:12.981Z] GET /css/upload.css — IP: ::1
✅ 304 | 6ms | /css/upload.css
[2026-04-24T15:11:12.988Z] GET /js/upload.js — IP: ::1
✅ 304 | 4ms | /js/upload.js
[2026-04-24T15:11:16.303Z] GET /css/upload.css — IP: ::1
✅ 304 | 2ms | /css/upload.css
[2026-04-24T15:11:16.332Z] GET /.well-known/appspecific/com.chrome.devtools.json — IP: ::1
✅ 404 | 3ms | /.well-known/appspecific/com.chrome.devtools.json
[2026-04-24T15:12:02.232Z] POST /api/login — IP: ::1
✅ 200 | 220ms | /api/login
[2026-04-24T15:12:19.767Z] POST /api/upload?socketId=vt4EjeVZUTKW0r2sAAAB — IP: ::1
✅ 403 | 10ms | /api/upload?socketId=vt4EjeVZUTKW0r2sAAAB
[2026-04-24T15:13:39.758Z] POST /api/upload?socketId=vt4EjeVZUTKW0r2sAAAB — IP: ::1
✅ 403 | 7ms | /api/upload?socketId=vt4EjeVZUTKW0r2sAAAB
[2026-04-24T15:13:40.903Z] POST /api/upload?socketId=vt4EjeVZUTKW0r2sAAAB — IP: ::1
✅ 403 | 4ms | /api/upload?socketId=vt4EjeVZUTKW0r2sAAAB
[2026-04-24T15:19:30.384Z] POST /api/upload?socketId=vt4EjeVZUTKW0r2sAAAB — IP: ::1
✅ 403 | 8ms | /api/upload?socketId=vt4EjeVZUTKW0r2sAAAB
[2026-04-24T15:19:34.232Z] POST /api/upload?socketId=vt4EjeVZUTKW0r2sAAAB — IP: ::1
✅ 403 | 5ms | /api/upload?socketId=vt4EjeVZUTKW0r2sAAAB
[2026-04-24T15:19:36.082Z] POST /api/upload?socketId=vt4EjeVZUTKW0r2sAAAB — IP: ::1
✅ 403 | 6ms | /api/upload?socketId=vt4EjeVZUTKW0r2sAAAB
[2026-04-24T15:19:37.167Z] POST /api/upload?socketId=vt4EjeVZUTKW0r2sAAAB — IP: ::1
✅ 403 | 3ms | /api/upload?socketId=vt4EjeVZUTKW0r2sAAAB
[2026-04-24T15:21:06.199Z] POST /api/login — IP: ::1
✅ 200 | 148ms | /api/login
[2026-04-24T15:21:25.674Z] GET / — IP: ::1
✅ 304 | 18ms | /
[2026-04-24T15:21:25.814Z] GET /Certify.png — IP: ::1
✅ 304 | 3ms | /Certify.png
[2026-04-24T15:21:25.912Z] GET /favicon.ico — IP: ::1
✅ 404 | 5ms | /favicon.ico
[2026-04-24T15:21:28.157Z] GET /upload — IP: ::1
✅ 304 | 2ms | /upload
[2026-04-24T15:21:28.170Z] GET /css/upload.css — IP: ::1
[2026-04-24T15:21:28.178Z] GET /js/upload.js — IP: ::1
✅ 304 | 7ms | /css/upload.css
✅ 200 | 5ms | /js/upload.js
[2026-04-24T15:21:31.310Z] GET /css/upload.css — IP: ::1
✅ 304 | 1ms | /css/upload.css
[2026-04-24T15:21:31.335Z] GET /.well-known/appspecific/com.chrome.devtools.json — IP: ::1
✅ 404 | 5ms | /.well-known/appspecific/com.chrome.devtools.json
[2026-04-24T15:22:14.139Z] POST /api/login — IP: ::1
✅ 200 | 120ms | /api/login
[2026-04-24T15:26:12.786Z] POST /api/login — IP: ::1
✅ 200 | 110ms | /api/login
[2026-04-24T15:26:42.970Z] GET /upload — IP: ::1
✅ 304 | 3ms | /upload
[2026-04-24T15:26:43.007Z] GET /css/upload.css — IP: ::1
[2026-04-24T15:26:43.012Z] GET /js/upload.js — IP: ::1
✅ 304 | 7ms | /css/upload.css
✅ 304 | 3ms | /js/upload.js
[2026-04-24T15:26:43.017Z] GET /.well-known/appspecific/com.chrome.devtools.json — IP: ::1
✅ 404 | 4ms | /.well-known/appspecific/com.chrome.devtools.json
[2026-04-24T15:27:09.182Z] POST /api/upload?socketId=m9LEronWJWlXxh9wAAAF — IP: ::1
✅ 200 | 4366ms | /api/upload?socketId=m9LEronWJWlXxh9wAAAF
[2026-04-24T15:27:15.563Z] GET /result — IP: ::1
✅ 304 | 3ms | /result
[2026-04-24T15:27:15.610Z] GET /.well-known/appspecific/com.chrome.devtools.json — IP: ::1
✅ 404 | 3ms | /.well-known/appspecific/com.chrome.devtools.json
[2026-04-24T15:29:08.297Z] GET /css/upload.css — IP: ::1
✅ 304 | 1ms | /css/upload.css
[2026-04-24T15:29:08.326Z] GET /.well-known/appspecific/com.chrome.devtools.json — IP: ::1
✅ 404 | 2ms | /.well-known/appspecific/com.chrome.devtools.json
[2026-04-24T15:30:04.004Z] GET /upload — IP: ::1
✅ 304 | 2ms | /upload
[2026-04-24T15:30:04.029Z] GET /css/upload.css — IP: ::1
✅ 304 | 2ms | /css/upload.css
[2026-04-24T15:30:04.032Z] GET /js/upload.js — IP: ::1
✅ 304 | 2ms | /js/upload.js
[2026-04-24T15:30:04.054Z] GET /.well-known/appspecific/com.chrome.devtools.json — IP: ::1
✅ 404 | 3ms | /.well-known/appspecific/com.chrome.devtools.json
[2026-04-24T15:30:11.857Z] POST /api/upload?socketId=ncPQm1s5fe8a_wTKAAAJ — IP: ::1
✅ 200 | 4249ms | /api/upload?socketId=ncPQm1s5fe8a_wTKAAAJ
[2026-04-24T15:30:18.126Z] GET /result — IP: ::1
✅ 304 | 2ms | /result
[2026-04-24T15:30:18.169Z] GET /.well-known/appspecific/com.chrome.devtools.json — IP: ::1
✅ 404 | 3ms | /.well-known/appspecific/com.chrome.devtools.json
[2026-04-24T15:30:25.325Z] GET /.well-known/appspecific/com.chrome.devtools.json — IP: ::1
✅ 404 | 2ms | /.well-known/appspecific/com.chrome.devtools.json
[2026-04-24T15:31:00.943Z] GET /upload — IP: ::1
✅ 304 | 2ms | /upload
[2026-04-24T15:31:00.970Z] GET /css/upload.css — IP: ::1
[2026-04-24T15:31:00.973Z] GET /js/upload.js — IP: ::1
✅ 304 | 5ms | /css/upload.css
✅ 304 | 3ms | /js/upload.js
[2026-04-24T15:31:00.981Z] GET /.well-known/appspecific/com.chrome.devtools.json — IP: ::1
✅ 404 | 3ms | /.well-known/appspecific/com.chrome.devtools.json
[2026-04-24T15:31:09.227Z] POST /api/upload?socketId=PuFxfTQ8bUSZ-XoHAAAN — IP: ::1
✅ 200 | 4248ms | /api/upload?socketId=PuFxfTQ8bUSZ-XoHAAAN
[2026-04-24T15:31:15.497Z] GET /result — IP: ::1
✅ 304 | 2ms | /result
[2026-04-24T15:31:15.532Z] GET /.well-known/appspecific/com.chrome.devtools.json — IP: ::1
✅ 404 | 3ms | /.well-known/appspecific/com.chrome.devtools.json
[2026-04-24T15:31:21.165Z] GET /upload — IP: ::1
✅ 304 | 2ms | /upload
[2026-04-24T15:31:21.189Z] GET /css/upload.css — IP: ::1
✅ 304 | 2ms | /css/upload.css
[2026-04-24T15:31:21.192Z] GET /js/upload.js — IP: ::1
✅ 304 | 1ms | /js/upload.js
[2026-04-24T15:31:21.201Z] GET /.well-known/appspecific/com.chrome.devtools.json — IP: ::1
✅ 404 | 2ms | /.well-known/appspecific/com.chrome.devtools.json
[2026-04-24T15:55:42.199Z] GET / — IP: ::1
✅ 304 | 30ms | /
[2026-04-24T15:55:42.276Z] GET /Certify.png — IP: ::1
✅ 304 | 5ms | /Certify.png
[2026-04-24T15:55:45.215Z] GET /upload — IP: ::1
✅ 304 | 5ms | /upload
[2026-04-24T15:55:45.233Z] GET /css/upload.css — IP: ::1
✅ 304 | 7ms | /css/upload.css
[2026-04-24T15:55:45.242Z] GET /js/upload.js — IP: ::1
✅ 200 | 7ms | /js/upload.js
[2026-04-24T15:55:52.259Z] GET / — IP: ::1
✅ 304 | 5ms | /
[2026-04-24T15:55:52.277Z] GET /Certify.png — IP: ::1
✅ 304 | 3ms | /Certify.png
[2026-04-24T15:55:53.461Z] GET /upload — IP: ::1
✅ 304 | 3ms | /upload
[2026-04-24T15:55:53.474Z] GET /css/upload.css — IP: ::1
✅ 304 | 4ms | /css/upload.css
[2026-04-24T15:55:53.479Z] GET /js/upload.js — IP: ::1
✅ 304 | 3ms | /js/upload.js
[2026-04-24T15:55:56.465Z] GET /result — IP: ::1
✅ 200 | 5ms | /result
[2026-04-24T15:55:58.073Z] GET /result — IP: ::1
✅ 304 | 4ms | /result
[2026-04-24T15:56:00.339Z] GET /result — IP: ::1
✅ 304 | 5ms | /result
[2026-04-24T16:11:16.113Z] GET /result — IP: ::1
✅ 304 | 27ms | /result
[2026-04-24T16:11:19.488Z] GET /upload — IP: ::1
✅ 304 | 4ms | /upload
[2026-04-24T16:11:19.507Z] GET /css/upload.css — IP: ::1
✅ 304 | 6ms | /css/upload.css
[2026-04-24T16:11:19.515Z] GET /js/upload.js — IP: ::1
✅ 304 | 2ms | /js/upload.js
[2026-04-24T16:11:23.987Z] GET /upload — IP: ::1
✅ 304 | 3ms | /upload
[2026-04-24T16:11:23.998Z] GET /css/upload.css — IP: ::1
[2026-04-24T16:11:24.001Z] GET /js/upload.js — IP: ::1
✅ 304 | 5ms | /css/upload.css
✅ 304 | 3ms | /js/upload.js
[2026-04-24T16:11:51.395Z] GET /api/login — IP: ::1
✅ 200 | 6ms | /api/login
[2026-04-24T16:11:51.448Z] GET /favicon.ico — IP: ::1
✅ 404 | 5ms | /favicon.ico
[2026-04-24T16:15:54.254Z] GET /api/login — IP: ::1
✅ 304 | 4ms | /api/login
[2026-04-24T16:15:58.815Z] GET /result — IP: ::1
✅ 304 | 4ms | /result
[2026-04-24T16:18:15.106Z] GET /result — IP: ::1
✅ 304 | 3ms | /result
[2026-04-24T16:18:25.152Z] GET / — IP: ::1
✅ 200 | 24ms | /
[2026-04-24T16:18:25.210Z] GET /Certify.png — IP: ::1
✅ 304 | 7ms | /Certify.png
[2026-04-24T16:18:27.530Z] GET /api/login — IP: ::1
✅ 200 | 4ms | /api/login
[2026-04-24T16:18:33.982Z] POST /login — IP: ::1
✅ 404 | 4ms | /login
[2026-04-24T16:18:38.718Z] GET /register — IP: ::1
✅ 404 | 3ms | /register
[2026-04-24T16:27:14.483Z] GET /upload — IP: ::1
✅ 304 | 3ms | /upload
[2026-04-24T16:27:14.497Z] GET /css/upload.css — IP: ::1
✅ 304 | 6ms | /css/upload.css
[2026-04-24T16:27:14.505Z] GET /js/upload.js — IP: ::1
✅ 304 | 2ms | /js/upload.js
[2026-04-24T16:27:26.960Z] GET / — IP: ::1
✅ 200 | 20ms | /
[2026-04-24T16:27:27.023Z] GET /Certify.png — IP: ::1
✅ 304 | 6ms | /Certify.png
[2026-04-24T16:27:30.408Z] GET /api/register — IP: ::1
✅ 200 | 5ms | /api/register
[2026-04-24T16:27:33.953Z] GET /api/register — IP: ::1
✅ 304 | 5ms | /api/register
[2026-04-24T16:27:35.244Z] GET /api/login — IP: ::1
✅ 304 | 5ms | /api/login
[2026-04-24T16:27:36.986Z] GET /register — IP: ::1
✅ 404 | 4ms | /register
[2026-04-24T16:29:07.648Z] GET / — IP: ::1
✅ 304 | 21ms | /
[2026-04-24T16:29:07.706Z] GET /Certify.png — IP: ::1
✅ 304 | 4ms | /Certify.png
[2026-04-24T16:29:10.735Z] GET /api/login — IP: ::1
✅ 200 | 5ms | /api/login
[2026-04-24T16:29:12.356Z] GET /api/register — IP: ::1
✅ 304 | 5ms | /api/register
[2026-04-24T16:29:13.945Z] GET /api/login — IP: ::1
✅ 304 | 4ms | /api/login
[2026-04-24T16:35:40.597Z] GET /upload — IP: ::1
✅ 304 | 13ms | /upload
[2026-04-24T16:35:40.618Z] GET /css/upload.css — IP: ::1
[2026-04-24T16:35:40.624Z] GET /js/upload.js — IP: ::1
✅ 304 | 5ms | /css/upload.css
✅ 304 | 2ms | /js/upload.js
[2026-04-24T16:36:04.495Z] GET /api/login — IP: ::1
✅ 304 | 4ms | /api/login
[2026-04-24T16:36:10.223Z] POST /login — IP: ::1
✅ 404 | 3ms | /login
[2026-04-24T16:36:13.434Z] GET /api/register — IP: ::1
✅ 304 | 3ms | /api/register
[2026-04-24T16:36:23.244Z] POST /api/register-form — IP: ::1
✅ 200 | 3ms | /api/register-form
[2026-04-24T16:36:33.954Z] POST /api/register-form — IP: ::1
✅ 200 | 2ms | /api/register-form
[2026-04-24T16:36:36.957Z] GET /api/login — IP: ::1
✅ 304 | 3ms | /api/login
[2026-04-24T16:36:42.679Z] POST /login — IP: ::1
✅ 404 | 2ms | /login
[2026-04-24T16:37:04.952Z] GET / — IP: ::1
✅ 304 | 29ms | /
[2026-04-24T16:37:05.153Z] GET /Certify.png — IP: ::1
✅ 304 | 3ms | /Certify.png
[2026-04-24T16:37:05.290Z] GET /favicon.ico — IP: ::1
✅ 404 | 7ms | /favicon.ico
[2026-04-24T16:37:12.648Z] GET /upload — IP: ::1
✅ 304 | 5ms | /upload
[2026-04-24T16:37:12.667Z] GET /css/upload.css — IP: ::1
✅ 304 | 4ms | /css/upload.css
[2026-04-24T16:37:12.676Z] GET /js/upload.js — IP: ::1
✅ 304 | 4ms | /js/upload.js
[2026-04-24T16:37:26.863Z] GET /upload — IP: ::1
✅ 304 | 4ms | /upload
[2026-04-24T16:37:26.882Z] GET /css/upload.css — IP: ::1
✅ 304 | 5ms | /css/upload.css
[2026-04-24T16:37:26.889Z] GET /js/upload.js — IP: ::1
✅ 304 | 2ms | /js/upload.js
[2026-04-24T16:37:37.583Z] GET /api/login — IP: ::1
✅ 304 | 3ms | /api/login
[2026-04-24T16:37:43.821Z] POST /login — IP: ::1
✅ 404 | 2ms | /login
[2026-04-24T16:38:09.176Z] GET /upload — IP: ::1
✅ 304 | 3ms | /upload
[2026-04-24T16:38:09.188Z] GET /css/upload.css — IP: ::1
✅ 304 | 3ms | /css/upload.css
[2026-04-24T16:38:09.191Z] GET /js/upload.js — IP: ::1
✅ 304 | 2ms | /js/upload.js
[2026-04-24T16:42:10.700Z] GET / — IP: ::1
✅ 200 | 14ms | /
[2026-04-24T16:42:10.757Z] GET /Certify.png — IP: ::1
✅ 304 | 3ms | /Certify.png
[2026-04-24T16:42:15.487Z] GET /api/upload — IP: ::1
✅ 404 | 4ms | /api/upload
[2026-04-24T16:42:30.676Z] GET /api/upload — IP: ::ffff:127.0.0.1
✅ 404 | 3ms | /api/upload
[2026-04-24T16:42:41.378Z] GET / — IP: ::1
✅ 200 | 15ms | /
[2026-04-24T16:42:41.407Z] GET /Certify.png — IP: ::1
✅ 304 | 3ms | /Certify.png
[2026-04-24T16:42:42.449Z] GET /api/login — IP: ::1
✅ 304 | 4ms | /api/login
[2026-04-24T16:45:55.098Z] GET / — IP: ::1
✅ 304 | 16ms | /
[2026-04-24T16:45:55.137Z] GET /Certify.png — IP: ::1
✅ 304 | 3ms | /Certify.png
[2026-04-24T16:45:58.220Z] GET /api/login — IP: ::1
✅ 304 | 3ms | /api/login
[2026-04-24T16:46:04.738Z] POST /login — IP: ::1
✅ 404 | 3ms | /login
[2026-04-24T16:48:31.090Z] GET /api/login — IP: ::1
✅ 200 | 5ms | /api/login
[2026-04-24T16:48:45.420Z] GET / — IP: ::1
✅ 304 | 22ms | /
[2026-04-24T16:48:45.473Z] GET /Certify.png — IP: ::1
✅ 304 | 3ms | /Certify.png
[2026-04-24T16:48:48.013Z] GET /api/login — IP: ::1
✅ 304 | 5ms | /api/login
[2026-04-24T16:48:54.201Z] POST /login — IP: ::1
✅ 404 | 3ms | /login
[2026-04-24T16:50:09.267Z] GET / — IP: ::1
✅ 304 | 17ms | /
[2026-04-24T16:50:09.319Z] GET /Certify.png — IP: ::1
✅ 304 | 4ms | /Certify.png
[2026-04-24T16:50:12.027Z] GET /api/login — IP: ::1
✅ 200 | 3ms | /api/login
[2026-04-24T16:50:18.600Z] POST /api/login-form — IP: ::1
✅ 200 | 3ms | /api/login-form
[2026-04-24T16:50:22.641Z] GET /api/register — IP: ::1
✅ 304 | 4ms | /api/register
[2026-04-24T16:50:32.510Z] POST /api/register-form — IP: ::1
✅ 200 | 2ms | /api/register-form
[2026-04-24T16:50:34.594Z] GET /api/login — IP: ::1
✅ 304 | 3ms | /api/login
[2026-04-24T16:50:40.386Z] POST /api/login-form — IP: ::1
✅ 200 | 2ms | /api/login-form
[2026-04-24T16:52:37.645Z] GET / — IP: ::1
✅ 304 | 21ms | /
[2026-04-24T16:52:37.717Z] GET /Certify.png — IP: ::1
✅ 304 | 5ms | /Certify.png
[2026-04-24T16:52:40.245Z] GET /api/login — IP: ::1
✅ 304 | 3ms | /api/login
[2026-04-24T16:52:46.068Z] POST /api/login-form — IP: ::1
✅ 200 | 3ms | /api/login-form
[2026-04-24T16:52:47.719Z] GET /api/register — IP: ::1
✅ 304 | 4ms | /api/register
[2026-04-24T16:52:57.590Z] POST /api/register-form — IP: ::1
✅ 200 | 2ms | /api/register-form
[2026-04-24T16:53:09.159Z] POST /api/register-form — IP: ::1
✅ 200 | 2ms | /api/register-form
[2026-04-24T16:53:14.258Z] GET /api/login — IP: ::1
✅ 304 | 3ms | /api/login
[2026-04-24T16:53:19.618Z] POST /api/login-form — IP: ::1
✅ 200 | 3ms | /api/login-form
[2026-04-24T17:03:42.836Z] GET / — IP: ::1
✅ 304 | 16ms | /
[2026-04-24T17:03:42.877Z] GET /Certify.png — IP: ::1
✅ 304 | 5ms | /Certify.png
[2026-04-24T17:03:45.572Z] GET /api/login — IP: ::1
✅ 304 | 3ms | /api/login
[2026-04-24T17:03:51.463Z] POST /api/login-form — IP: ::1
✅ 200 | 42ms | /api/login-form
[2026-04-24T17:03:53.114Z] GET /api/register — IP: ::1
✅ 304 | 2ms | /api/register
[2026-04-24T17:03:53.339Z] GET /api/login — IP: ::1
✅ 304 | 2ms | /api/login
[2026-04-24T17:03:54.738Z] GET /api/register — IP: ::1
✅ 304 | 2ms | /api/register
[2026-04-24T17:04:03.295Z] POST /api/register-form — IP: ::1
✅ 200 | 137ms | /api/register-form
[2026-04-24T17:04:07.316Z] GET /api/login — IP: ::1
✅ 304 | 2ms | /api/login
[2026-04-24T17:04:12.676Z] POST /api/login-form — IP: ::1
✅ 302 | 90ms | /api/login-form
[2026-04-24T17:04:12.770Z] GET /upload — IP: ::1
✅ 304 | 4ms | /upload
[2026-04-24T17:04:12.782Z] GET /css/upload.css — IP: ::1
✅ 304 | 3ms | /css/upload.css
[2026-04-24T17:04:12.785Z] GET /js/upload.js — IP: ::1
✅ 304 | 1ms | /js/upload.js
[2026-04-24T17:15:35.939Z] GET / — IP: ::1
✅ 304 | 22ms | /
[2026-04-24T17:15:36.002Z] GET /Certify.png — IP: ::1
✅ 304 | 8ms | /Certify.png
[2026-04-24T17:15:38.834Z] GET /api/login — IP: ::1
✅ 304 | 5ms | /api/login
[2026-04-24T17:15:44.714Z] POST /api/login-form — IP: ::1
✅ 302 | 102ms | /api/login-form
[2026-04-24T17:15:44.820Z] GET /upload — IP: ::1
✅ 200 | 6ms | /upload
[2026-04-24T17:15:44.833Z] GET /css/upload.css — IP: ::1
[2026-04-24T17:15:44.837Z] GET /js/upload.js — IP: ::1
✅ 304 | 3ms | /css/upload.css
✅ 304 | 1ms | /js/upload.js
[2026-04-24T17:16:14.408Z] GET /css/upload.css — IP: ::1
✅ 304 | 2ms | /css/upload.css
[2026-04-24T17:16:14.426Z] GET /.well-known/appspecific/com.chrome.devtools.json — IP: ::1
✅ 404 | 5ms | /.well-known/appspecific/com.chrome.devtools.json
[2026-04-24T17:18:53.756Z] GET /upload — IP: ::1
✅ 200 | 14ms | /upload
[2026-04-24T17:18:53.791Z] GET /css/upload.css — IP: ::1
✅ 304 | 5ms | /css/upload.css
[2026-04-24T17:18:53.855Z] GET /.well-known/appspecific/com.chrome.devtools.json — IP: ::1
✅ 404 | 4ms | /.well-known/appspecific/com.chrome.devtools.json
[2026-04-24T17:19:13.665Z] GET / — IP: ::1
✅ 304 | 30ms | /
[2026-04-24T17:19:13.873Z] GET /Certify.png — IP: ::1
✅ 304 | 4ms | /Certify.png
[2026-04-24T17:19:13.987Z] GET /favicon.ico — IP: ::1
✅ 404 | 7ms | /favicon.ico
[2026-04-24T17:19:15.765Z] GET /api/login — IP: ::1
✅ 304 | 4ms | /api/login
[2026-04-24T17:19:21.544Z] POST /api/login-form — IP: ::1
✅ 302 | 110ms | /api/login-form
[2026-04-24T17:19:21.658Z] GET /upload — IP: ::1
✅ 304 | 4ms | /upload
[2026-04-24T17:19:21.670Z] GET /css/upload.css — IP: ::1
✅ 304 | 3ms | /css/upload.css
[2026-04-24T17:19:27.649Z] POST /api/upload — IP: ::1
✅ 500 | 12ms | /api/upload
[2026-04-24T17:19:32.777Z] POST /api/upload — IP: ::1
✅ 500 | 4ms | /api/upload
[2026-04-24T17:19:33.730Z] POST /api/upload — IP: ::1
✅ 500 | 4ms | /api/upload
[2026-04-24T17:19:36.401Z] POST /api/upload — IP: ::1
✅ 500 | 4ms | /api/upload
[2026-04-24T17:19:43.206Z] POST /api/upload — IP: ::1
✅ 500 | 5ms | /api/upload
[2026-04-24T17:19:52.768Z] POST /api/login-form — IP: ::1
✅ 302 | 105ms | /api/login-form
[2026-04-24T17:19:52.876Z] GET /upload — IP: ::1
✅ 304 | 3ms | /upload
[2026-04-24T17:19:52.885Z] GET /css/upload.css — IP: ::1
✅ 304 | 2ms | /css/upload.css
[2026-04-24T17:20:10.299Z] POST /api/upload — IP: ::1
✅ 500 | 3ms | /api/upload
[2026-04-24T17:26:37.365Z] GET / — IP: ::1
✅ 304 | 20ms | /
[2026-04-24T17:26:37.407Z] GET /Certify.png — IP: ::1
✅ 304 | 4ms | /Certify.png
[2026-04-24T17:26:39.774Z] GET /api/login — IP: ::1
✅ 304 | 4ms | /api/login
[2026-04-24T17:26:46.226Z] POST /api/login-form — IP: ::1
✅ 302 | 100ms | /api/login-form
[2026-04-24T17:26:46.329Z] GET /upload — IP: ::1
✅ 200 | 4ms | /upload
[2026-04-24T17:26:46.341Z] GET /css/upload.css — IP: ::1
✅ 304 | 2ms | /css/upload.css
[2026-04-24T17:26:51.212Z] POST /api/upload — IP: ::1
✅ 500 | 9ms | /api/upload
[2026-04-24T17:28:24.236Z] GET / — IP: ::1
✅ 304 | 20ms | /
[2026-04-24T17:28:24.291Z] GET /Certify.png — IP: ::1
✅ 304 | 4ms | /Certify.png
[2026-04-24T17:28:26.734Z] GET /api/login — IP: ::1
✅ 304 | 3ms | /api/login
[2026-04-24T17:28:32.244Z] POST /api/login-form — IP: ::1
✅ 302 | 96ms | /api/login-form
[2026-04-24T17:28:32.344Z] GET /upload — IP: ::1
✅ 304 | 3ms | /upload
[2026-04-24T17:28:32.354Z] GET /css/upload.css — IP: ::1
✅ 304 | 2ms | /css/upload.css
[2026-04-24T17:28:36.557Z] POST /api/upload — IP: ::1
✅ 200 | 4258ms | /api/upload
[2026-04-24T17:28:40.855Z] GET /result — IP: ::1
✅ 304 | 4ms | /result
[2026-04-24T17:28:51.786Z] GET /upload — IP: ::1
✅ 304 | 3ms | /upload
[2026-04-24T17:28:51.798Z] GET /css/upload.css — IP: ::1
✅ 304 | 3ms | /css/upload.css
[2026-04-24T17:28:56.634Z] POST /api/upload — IP: ::1
✅ 200 | 4237ms | /api/upload
[2026-04-24T17:29:00.881Z] GET /result — IP: ::1
✅ 304 | 4ms | /result
[2026-04-24T17:31:25.112Z] GET / — IP: ::1
✅ 304 | 29ms | /
[2026-04-24T17:31:25.168Z] GET /Certify.png — IP: ::1
✅ 304 | 4ms | /Certify.png
[2026-04-24T17:31:27.930Z] GET /api/login — IP: ::1
✅ 304 | 4ms | /api/login
[2026-04-24T17:31:34.304Z] POST /api/login-form — IP: ::1
✅ 302 | 98ms | /api/login-form
[2026-04-24T17:31:34.406Z] GET /upload — IP: ::1
✅ 200 | 3ms | /upload
[2026-04-24T17:31:34.415Z] GET /css/upload.css — IP: ::1
✅ 304 | 3ms | /css/upload.css
[2026-04-24T17:31:38.705Z] POST /api/upload?socketId=YchD4-gAtDeqDkBzAAAB — IP: ::1
✅ 200 | 4244ms | /api/upload?socketId=YchD4-gAtDeqDkBzAAAB
[2026-04-24T17:31:44.173Z] GET /result — IP: ::1
✅ 304 | 5ms | /result
[2026-04-24T17:31:47.213Z] GET /upload — IP: ::1
✅ 304 | 3ms | /upload
[2026-04-24T17:31:47.224Z] GET /css/upload.css — IP: ::1
✅ 304 | 3ms | /css/upload.css
[2026-04-24T17:32:11.779Z] GET /api/login — IP: ::1
✅ 304 | 4ms | /api/login
[2026-04-24T17:32:13.253Z] GET /api/register — IP: ::1
✅ 304 | 4ms | /api/register
[2026-04-24T17:32:19.695Z] GET /api/register — IP: ::1
✅ 304 | 2ms | /api/register
[2026-04-24T17:32:21.718Z] GET /api/login — IP: ::1
✅ 304 | 3ms | /api/login
[2026-04-24T17:33:23.848Z] GET / — IP: ::1
✅ 304 | 6ms | /
[2026-04-24T17:33:23.869Z] GET /Certify.png — IP: ::1
✅ 304 | 3ms | /Certify.png
[2026-04-24T17:33:25.609Z] GET /upload — IP: ::1
✅ 304 | 3ms | /upload
[2026-04-24T17:33:25.624Z] GET /css/upload.css — IP: ::1
✅ 304 | 4ms | /css/upload.css
[2026-04-24T17:34:02.966Z] GET /api/login — IP: ::1
✅ 304 | 3ms | /api/login
[2026-04-24T17:36:34.788Z] GET / — IP: ::1
✅ 304 | 28ms | /
[2026-04-24T17:36:35.028Z] GET /Certify.png — IP: ::1
✅ 304 | 9ms | /Certify.png
[2026-04-24T17:36:35.129Z] GET /favicon.ico — IP: ::1
✅ 404 | 8ms | /favicon.ico
[2026-04-24T17:36:36.791Z] GET /api/login — IP: ::1
✅ 200 | 4ms | /api/login
[2026-04-24T17:36:44.920Z] POST /api/login-form — IP: ::1
✅ 302 | 338ms | /api/login-form
[2026-04-24T17:36:45.264Z] GET /upload — IP: ::1
✅ 200 | 7ms | /upload
[2026-04-24T17:36:45.282Z] GET /css/upload.css — IP: ::1
✅ 304 | 4ms | /css/upload.css
[2026-04-24T17:36:55.798Z] POST /api/upload?socketId=w14CauQJ63tKs9x2AAAB — IP: ::1
✅ 200 | 4234ms | /api/upload?socketId=w14CauQJ63tKs9x2AAAB
[2026-04-24T17:37:01.247Z] GET /result — IP: ::1
✅ 200 | 6ms | /result
[2026-04-24T17:37:03.071Z] GET / — IP: ::1
✅ 304 | 5ms | /
[2026-04-24T17:37:03.089Z] GET /Certify.png — IP: ::1
✅ 304 | 3ms | /Certify.png
[2026-04-24T17:37:04.733Z] GET /api/login — IP: ::1
✅ 304 | 5ms | /api/login
[2026-04-24T17:37:22.107Z] GET /api/login — IP: ::1
✅ 304 | 4ms | /api/login
[2026-04-24T17:37:57.101Z] GET /api/login — IP: ::1
✅ 304 | 4ms | /api/login
[2026-04-24T17:39:03.360Z] GET /api/login — IP: ::1
✅ 200 | 4ms | /api/login
[2026-04-24T17:39:05.322Z] GET / — IP: ::1
✅ 304 | 5ms | /
[2026-04-24T17:39:05.348Z] GET /Certify.png — IP: ::1
✅ 304 | 4ms | /Certify.png
[2026-04-24T17:39:10.692Z] GET /api/login — IP: ::1
✅ 304 | 4ms | /api/login
[2026-04-24T17:39:16.881Z] POST /api/login-form — IP: ::1
✅ 302 | 102ms | /api/login-form
[2026-04-24T17:39:16.988Z] GET /upload — IP: ::1
✅ 304 | 5ms | /upload
[2026-04-24T17:39:17.004Z] GET /css/upload.css — IP: ::1
✅ 304 | 3ms | /css/upload.css
[2026-04-24T17:39:18.757Z] GET / — IP: ::1
✅ 304 | 5ms | /
[2026-04-24T17:39:18.775Z] GET /Certify.png — IP: ::1
✅ 304 | 2ms | /Certify.png
[2026-04-24T17:45:21.618Z] GET / — IP: ::1
✅ 304 | 5ms | /
[2026-04-24T17:45:21.633Z] GET /Certify.png — IP: ::1
✅ 304 | 2ms | /Certify.png
[2026-04-24T17:47:01.880Z] GET / — IP: ::1
✅ 302 | 15ms | /
[2026-04-24T17:47:01.975Z] GET /api/login — IP: ::1
✅ 304 | 24ms | /api/login
[2026-04-24T17:47:02.133Z] GET /favicon.ico — IP: ::1
✅ 404 | 7ms | /favicon.ico
[2026-04-24T17:47:12.335Z] POST /api/login-form — IP: ::1
✅ 302 | 143ms | /api/login-form
[2026-04-24T17:47:12.483Z] GET / — IP: ::1
✅ 200 | 6ms | /
[2026-04-24T17:47:12.501Z] GET /Certify.png — IP: ::1
✅ 304 | 4ms | /Certify.png
[2026-04-24T17:47:21.760Z] GET /api/logout — IP: ::1
✅ 302 | 5ms | /api/logout
[2026-04-24T17:47:21.771Z] GET /api/login — IP: ::1
✅ 304 | 5ms | /api/login
[2026-04-24T17:47:24.208Z] GET / — IP: ::1
✅ 302 | 3ms | /
[2026-04-24T17:47:24.219Z] GET /api/login — IP: ::1
✅ 304 | 4ms | /api/login
[2026-04-24T17:49:49.761Z] GET /api/login — IP: ::1
✅ 200 | 4ms | /api/login
[2026-04-24T17:49:56.743Z] POST /api/login-form — IP: ::1
✅ 302 | 197ms | /api/login-form
[2026-04-24T17:49:56.946Z] GET / — IP: ::1
✅ 200 | 6ms | /
[2026-04-24T17:49:56.963Z] GET /Certify.png — IP: ::1
✅ 304 | 2ms | /Certify.png
[2026-04-24T17:50:03.359Z] GET /upload — IP: ::1
✅ 304 | 5ms | /upload
[2026-04-24T17:50:03.376Z] GET /css/upload.css — IP: ::1
✅ 304 | 7ms | /css/upload.css
[2026-04-24T17:50:05.041Z] GET / — IP: ::1
✅ 304 | 5ms | /
[2026-04-24T17:50:05.059Z] GET /Certify.png — IP: ::1
✅ 304 | 2ms | /Certify.png
[2026-04-24T17:50:17.947Z] GET / — IP: ::1
✅ 304 | 5ms | /
[2026-04-24T17:50:17.967Z] GET /Certify.png — IP: ::1
✅ 304 | 3ms | /Certify.png
[2026-04-24T17:50:21.997Z] GET / — IP: ::1
✅ 304 | 4ms | /
[2026-04-24T17:50:22.014Z] GET /Certify.png — IP: ::1
✅ 304 | 3ms | /Certify.png
[2026-04-24T17:50:23.438Z] GET /api/logout — IP: ::1
✅ 302 | 3ms | /api/logout
[2026-04-24T17:50:23.448Z] GET /api/login — IP: ::1
✅ 304 | 5ms | /api/login
[2026-04-24T17:50:25.191Z] GET /api/register — IP: ::1
✅ 200 | 5ms | /api/register
[2026-04-24T17:50:26.779Z] GET /api/login — IP: ::1
✅ 304 | 4ms | /api/login
[2026-04-24T17:50:50.774Z] POST /api/login-form — IP: ::1
✅ 302 | 243ms | /api/login-form
[2026-04-24T17:50:51.023Z] GET / — IP: ::1
✅ 304 | 4ms | /
[2026-04-24T17:50:51.037Z] GET /Certify.png — IP: ::1
✅ 304 | 2ms | /Certify.png
[2026-04-24T17:53:45.974Z] GET /api/logout — IP: ::1
✅ 302 | 2ms | /api/logout
✅ 200 | 5ms | /api/login
[2026-04-24T17:53:45.984Z] GET /api/login — IP: ::1
[2026-04-24T17:53:47.915Z] GET /api/login — IP: ::1
✅ 304 | 3ms | /api/login
[2026-04-24T17:53:57.781Z] GET / — IP: ::1
✅ 302 | 15ms | /
[2026-04-24T17:53:57.882Z] GET /api/login — IP: ::1
✅ 304 | 20ms | /api/login
[2026-04-24T17:53:58.109Z] GET /favicon.ico — IP: ::1
✅ 404 | 9ms | /favicon.ico
[2026-04-24T17:54:04.603Z] GET /api/register — IP: ::1
✅ 200 | 5ms | /api/register
[2026-04-24T17:55:04.113Z] GET /api/register — IP: ::1
✅ 304 | 4ms | /api/register
[2026-04-24T17:55:11.350Z] GET /api/register — IP: ::1
✅ 200 | 5ms | /api/register
[2026-04-24T17:55:13.626Z] GET /api/login — IP: ::1
✅ 304 | 4ms | /api/login
[2026-04-24T17:55:15.043Z] GET /api/register — IP: ::1
✅ 304 | 3ms | /api/register
[2026-04-24T17:55:47.708Z] GET /api/register — IP: ::1
✅ 200 | 3ms | /api/register
[2026-04-24T17:55:49.369Z] GET /api/register — IP: ::1
✅ 304 | 4ms | /api/register
[2026-04-24T17:56:01.695Z] GET / — IP: ::1
✅ 302 | 13ms | /
[2026-04-24T17:56:01.794Z] GET /api/login — IP: ::1
✅ 304 | 15ms | /api/login
[2026-04-24T17:56:01.980Z] GET /favicon.ico — IP: ::1
✅ 404 | 7ms | /favicon.ico
[2026-04-24T17:56:04.257Z] GET /api/register — IP: ::1
✅ 304 | 4ms | /api/register
[2026-04-24T17:56:06.517Z] GET /api/login — IP: ::1
✅ 304 | 4ms | /api/login
[2026-04-24T17:56:07.656Z] GET /api/register — IP: ::1
✅ 304 | 4ms | /api/register
[2026-04-24T17:58:39.584Z] GET / — IP: ::1
✅ 302 | 16ms | /
[2026-04-24T17:58:39.641Z] GET /api/login — IP: ::1
✅ 304 | 21ms | /api/login
[2026-04-24T17:58:43.024Z] GET /api/register — IP: ::1
✅ 200 | 4ms | /api/register
[2026-04-24T17:59:13.992Z] GET /api/login — IP: ::1
✅ 304 | 4ms | /api/login
[2026-04-24T17:59:16.032Z] GET /api/register — IP: ::1
✅ 304 | 4ms | /api/register
[2026-04-24T17:59:34.287Z] GET /api/register — IP: ::1
✅ 200 | 6ms | /api/register
[2026-04-24T17:59:38.256Z] GET /api/login — IP: ::1
✅ 200 | 3ms | /api/login
[2026-04-24T17:59:40.477Z] GET /api/register — IP: ::1
✅ 304 | 3ms | /api/register
[2026-04-24T18:00:46.454Z] GET /api/register — IP: ::1
✅ 200 | 4ms | /api/register
[2026-04-24T18:00:47.734Z] GET /api/register — IP: ::1
✅ 304 | 4ms | /api/register
[2026-04-24T18:00:50.842Z] GET /api/login — IP: ::1
✅ 304 | 3ms | /api/login
[2026-04-24T18:00:52.772Z] GET /api/register — IP: ::1
✅ 304 | 5ms | /api/register
[2026-04-24T18:00:57.668Z] GET /api/login — IP: ::1
✅ 304 | 4ms | /api/login
[2026-04-24T18:00:59.362Z] GET /api/register — IP: ::1
✅ 304 | 4ms | /api/register
[2026-04-24T18:01:45.369Z] GET /api/register — IP: ::1
✅ 200 | 5ms | /api/register
[2026-04-24T18:01:47.891Z] GET /api/login — IP: ::1
✅ 304 | 4ms | /api/login
[2026-04-24T18:01:56.289Z] POST /api/login-form — IP: ::1
✅ 302 | 287ms | /api/login-form
[2026-04-24T18:01:56.581Z] GET / — IP: ::1
✅ 200 | 6ms | /
[2026-04-24T18:01:56.598Z] GET /Certify.png — IP: ::1
✅ 304 | 3ms | /Certify.png
[2026-04-24T18:01:59.428Z] GET /upload — IP: ::1
✅ 304 | 5ms | /upload
[2026-04-24T18:01:59.445Z] GET /css/upload.css — IP: ::1
✅ 304 | 5ms | /css/upload.css
[2026-04-24T18:02:05.076Z] POST /api/upload?socketId=TK-QrcNQiMZxenL0AAAB — IP: ::1
✅ 200 | 4239ms | /api/upload?socketId=TK-QrcNQiMZxenL0AAAB
[2026-04-24T18:02:10.534Z] GET /result — IP: ::1
✅ 304 | 5ms | /result
[2026-04-24T18:02:14.731Z] GET / — IP: ::1
✅ 304 | 4ms | /
[2026-04-24T18:02:14.748Z] GET /Certify.png — IP: ::1
✅ 304 | 2ms | /Certify.png
[2026-04-25T09:06:39.848Z] GET / — IP: ::1
✅ 302 | 104ms | /
[2026-04-25T09:06:39.997Z] GET /api/login — IP: ::1
✅ 200 | 185ms | /api/login
[2026-04-25T09:06:40.239Z] GET /favicon.ico — IP: ::1
✅ 404 | 4ms | /favicon.ico
[2026-04-25T09:06:52.478Z] GET /api/register — IP: ::1
✅ 200 | 33ms | /api/register
[2026-04-25T09:07:10.789Z] POST /api/register-form — IP: ::1
✅ 302 | 449ms | /api/register-form
[2026-04-25T09:07:11.245Z] GET / — IP: ::1
✅ 200 | 59ms | /
[2026-04-25T09:07:11.316Z] GET /Certify.png — IP: ::1
✅ 200 | 24ms | /Certify.png
[2026-04-25T09:07:16.601Z] GET /upload — IP: ::1
✅ 200 | 80ms | /upload
[2026-04-25T09:07:16.694Z] GET /css/upload.css — IP: ::1
✅ 200 | 10ms | /css/upload.css
[2026-04-25T09:08:03.780Z] POST /api/upload?socketId=9RERhxK0cJxdd0wwAAAB — IP: ::1
✅ 200 | 5544ms | /api/upload?socketId=9RERhxK0cJxdd0wwAAAB
[2026-04-25T09:08:10.558Z] GET /result — IP: ::1
✅ 200 | 82ms | /result
[2026-04-25T09:08:13.942Z] GET /upload — IP: ::1
✅ 304 | 6ms | /upload
[2026-04-25T09:08:13.967Z] GET /css/upload.css — IP: ::1
✅ 304 | 9ms | /css/upload.css
[2026-04-25T09:08:40.034Z] POST /api/upload?socketId=nG-YcY44yUPB20qmAAAD — IP: ::1
✅ 200 | 4250ms | /api/upload?socketId=nG-YcY44yUPB20qmAAAD
[2026-04-25T09:08:45.517Z] GET /result — IP: ::1
✅ 304 | 7ms | /result
[2026-04-25T09:08:49.276Z] GET / — IP: ::1
✅ 304 | 10ms | /
[2026-04-25T09:08:49.304Z] GET /Certify.png — IP: ::1
✅ 304 | 6ms | /Certify.png
[2026-04-25T09:08:53.549Z] GET /result — IP: ::1
✅ 304 | 6ms | /result
[2026-04-25T09:08:55.712Z] GET / — IP: ::1
✅ 304 | 6ms | /
[2026-04-25T09:08:55.736Z] GET /Certify.png — IP: ::1
✅ 304 | 2ms | /Certify.png
[2026-04-25T09:08:57.432Z] GET /result — IP: ::1
✅ 304 | 6ms | /result
[2026-04-25T09:08:59.115Z] GET / — IP: ::1
✅ 304 | 6ms | /
[2026-04-25T09:08:59.136Z] GET /Certify.png — IP: ::1
✅ 304 | 3ms | /Certify.png
[2026-04-25T09:09:01.485Z] GET /result — IP: ::1
✅ 304 | 4ms | /result
[2026-04-25T09:09:03.378Z] GET / — IP: ::1
✅ 304 | 6ms | /
[2026-04-25T09:09:03.405Z] GET /Certify.png — IP: ::1
✅ 304 | 7ms | /Certify.png
[2026-04-25T09:09:05.034Z] GET /upload — IP: ::1
✅ 304 | 6ms | /upload
[2026-04-25T09:09:05.058Z] GET /css/upload.css — IP: ::1
✅ 304 | 4ms | /css/upload.css
[2026-04-25T09:09:07.570Z] GET / — IP: ::1
✅ 304 | 7ms | /
[2026-04-25T09:09:07.590Z] GET /Certify.png — IP: ::1
✅ 304 | 3ms | /Certify.png
[2026-04-25T09:09:09.634Z] GET /api/logout — IP: ::1
✅ 302 | 3ms | /api/logout
[2026-04-25T09:09:09.644Z] GET /api/login — IP: ::1
✅ 304 | 7ms | /api/login
[2026-04-25T09:09:15.480Z] GET /api/logout — IP: ::1
✅ 302 | 2ms | /api/logout
[2026-04-25T09:09:15.495Z] GET /api/login — IP: ::1
✅ 304 | 6ms | /api/login
[2026-04-25T09:10:30.877Z] GET /api/register — IP: ::1
✅ 304 | 7ms | /api/register
[2026-04-25T09:12:54.230Z] GET /api/login — IP: ::1
✅ 304 | 7ms | /api/login
[2026-04-25T09:13:17.120Z] POST /api/login-form — IP: ::1
✅ 200 | 268ms | /api/login-form
[2026-04-25T09:13:28.650Z] POST /api/login-form — IP: ::1
✅ 200 | 258ms | /api/login-form
[2026-04-25T09:13:31.248Z] GET /api/register — IP: ::1
✅ 304 | 5ms | /api/register
[2026-04-26T17:43:13.527Z] GET / — IP: ::1
✅ 302 | 264ms | /
[2026-04-26T17:43:13.828Z] GET /api/login — IP: ::1
✅ 304 | 202ms | /api/login
[2026-04-26T17:43:14.094Z] GET /favicon.ico — IP: ::1
✅ 404 | 10ms | /favicon.ico
[2026-04-26T17:43:26.050Z] POST /api/login-form — IP: ::1
✅ 302 | 285ms | /api/login-form
[2026-04-26T17:43:26.340Z] GET / — IP: ::1
✅ 200 | 56ms | /
[2026-04-26T17:43:26.404Z] GET /Certify.png — IP: ::1
✅ 304 | 4ms | /Certify.png
[2026-04-26T17:43:35.816Z] GET /upload — IP: ::1
✅ 304 | 70ms | /upload
[2026-04-26T17:43:35.895Z] GET /css/upload.css — IP: ::1
✅ 304 | 5ms | /css/upload.css
[2026-04-26T17:43:42.091Z] GET / — IP: ::1
✅ 304 | 16ms | /
[2026-04-26T17:43:42.118Z] GET /Certify.png — IP: ::1
✅ 304 | 3ms | /Certify.png
[2026-04-26T17:43:43.967Z] GET /result — IP: ::1
✅ 304 | 39ms | /result
[2026-04-26T17:43:50.358Z] GET /upload — IP: ::1
✅ 304 | 6ms | /upload
[2026-04-26T17:43:50.376Z] GET /css/upload.css — IP: ::1
✅ 304 | 5ms | /css/upload.css
[2026-04-26T17:43:54.822Z] GET / — IP: ::1
✅ 304 | 5ms | /
[2026-04-26T17:43:54.838Z] GET /Certify.png — IP: ::1
✅ 304 | 6ms | /Certify.png
[2026-04-26T17:43:57.198Z] GET /result — IP: ::1
✅ 304 | 3ms | /result
[2026-04-26T17:43:59.225Z] GET / — IP: ::1
✅ 304 | 4ms | /
[2026-04-26T17:43:59.242Z] GET /Certify.png — IP: ::1
✅ 304 | 6ms | /Certify.png
[2026-04-26T17:44:00.907Z] GET /result — IP: ::1
✅ 304 | 3ms | /result
[2026-04-26T17:44:06.953Z] GET / — IP: ::1
✅ 304 | 5ms | /
[2026-04-26T17:44:06.971Z] GET /Certify.png — IP: ::1
✅ 304 | 4ms | /Certify.png
[2026-04-26T17:44:10.254Z] GET /upload — IP: ::1
✅ 304 | 8ms | /upload
[2026-04-26T17:44:10.282Z] GET /css/upload.css — IP: ::1
✅ 304 | 11ms | /css/upload.css
[2026-04-26T17:44:34.391Z] POST /api/upload?socketId=h_wmrbi_X-7nTc2oAAAF — IP: ::1
✅ 200 | 5553ms | /api/upload?socketId=h_wmrbi_X-7nTc2oAAAF
[2026-04-26T17:44:41.168Z] GET /result — IP: ::1
✅ 304 | 7ms | /result
[2026-04-26T17:45:20.540Z] GET /upload — IP: ::1
✅ 304 | 10ms | /upload
[2026-04-26T17:45:20.570Z] GET /css/upload.css — IP: ::1
✅ 304 | 3ms | /css/upload.css
[2026-04-26T17:45:22.510Z] GET / — IP: ::1
✅ 304 | 10ms | /
[2026-04-26T17:45:22.538Z] GET /Certify.png — IP: ::1
✅ 304 | 3ms | /Certify.png
[2026-05-11T09:39:55.958Z] GET / — IP: ::1
✅ 302 | 34ms | /
[2026-05-11T09:39:56.033Z] GET /api/login — IP: ::1
✅ 304 | 191ms | /api/login
[2026-05-11T09:39:56.292Z] GET /favicon.ico — IP: ::1
✅ 404 | 6ms | /favicon.ico
[2026-05-11T09:41:55.528Z] POST /api/login — IP: ::1
✅ 500 | 10030ms | /api/login
[2026-05-11T09:42:52.438Z] POST /api/register — IP: ::1
✅ 500 | 10019ms | /api/register
[2026-05-11T09:46:19.050Z] POST /api/register — IP: ::1
✅ 500 | 10060ms | /api/register
[2026-05-11T09:49:26.521Z] POST /api/register — IP: ::1
✅ 201 | 615ms | /api/register
[2026-05-11T09:50:34.326Z] POST /api/login — IP: ::1
✅ 500 | 238ms | /api/login
[2026-05-11T09:50:45.478Z] POST /api/login — IP: ::1
✅ 500 | 395ms | /api/login
[2026-05-11T09:51:20.859Z] POST /api/login — IP: ::1
✅ 500 | 327ms | /api/login
[2026-05-11T09:53:19.478Z] POST /api/login — IP: ::1
✅ 200 | 411ms | /api/login
[2026-05-11T09:56:14.547Z] POST /api/certificate — IP: ::1
✅ 403 | 7ms | /api/certificate
[2026-05-11T09:56:35.770Z] POST /api/certificate — IP: ::1
✅ 403 | 6ms | /api/certificate
[2026-05-11T10:03:07.377Z] POST /api/certificate — IP: ::1
✅ 403 | 34ms | /api/certificate
[2026-05-11T10:03:12.089Z] POST /api/certificate — IP: ::1
✅ 403 | 5ms | /api/certificate
[2026-05-11T10:03:45.550Z] POST /api/login — IP: ::1
✅ 200 | 434ms | /api/login
[2026-05-11T10:04:51.463Z] POST /api/certificate — IP: ::1
✅ 201 | 142ms | /api/certificate
[2026-05-11T10:05:48.429Z] GET /api/certificate — IP: ::1
✅ 404 | 16ms | /api/certificate
[2026-05-11T10:05:55.785Z] GET /api/certificate — IP: ::1
✅ 404 | 20ms | /api/certificate
[2026-05-11T10:06:37.694Z] GET /api/certificate — IP: ::1
✅ 404 | 5ms | /api/certificate
[2026-05-11T10:06:55.629Z] GET /api/certificate — IP: ::1
✅ 404 | 6ms | /api/certificate
[2026-05-11T10:07:49.972Z] GET /api/certificates — IP: ::1
✅ 200 | 96ms | /api/certificates
[2026-05-11T10:08:08.560Z] GET /api/certificates?riskLevel=Medium — IP: ::1
✅ 200 | 74ms | /api/certificates?riskLevel=Medium
[2026-05-11T10:08:24.662Z] GET /api/certificates?company=Google — IP: ::1
✅ 200 | 73ms | /api/certificates?company=Google
[2026-05-11T10:08:38.872Z] GET /api/certificates?search=Vidhi — IP: ::1
✅ 200 | 173ms | /api/certificates?search=Vidhi
[2026-05-11T14:01:45.123Z] GET / — IP: ::1
✅ 302 | 38ms | /
[2026-05-11T14:01:45.227Z] GET /api/login — IP: ::1
✅ 304 | 339ms | /api/login
[2026-05-11T14:01:45.673Z] GET /favicon.ico — IP: ::1
✅ 404 | 6ms | /favicon.ico
[2026-05-11T14:01:47.734Z] GET /api/register — IP: ::1
✅ 304 | 29ms | /api/register
[2026-05-11T14:02:06.075Z] POST /api/register-form — IP: ::1
✅ 200 | 10053ms | /api/register-form
[2026-05-11T14:02:38.310Z] POST /api/register-form — IP: ::1
✅ 200 | 10008ms | /api/register-form
[2026-05-11T14:03:13.479Z] GET / — IP: ::1
✅ 302 | 3ms | /
[2026-05-11T14:03:13.490Z] GET /api/login — IP: ::1
✅ 200 | 46ms | /api/login
[2026-05-11T14:03:13.602Z] GET /favicon.ico — IP: ::1
✅ 404 | 5ms | /favicon.ico
[2026-05-11T14:03:21.848Z] POST /api/login-form — IP: ::1
✅ 200 | 10019ms | /api/login-form
[2026-05-11T14:03:35.298Z] GET /api/register — IP: ::1
✅ 200 | 5ms | /api/register
[2026-05-11T14:03:44.936Z] POST /api/register-form — IP: ::1
✅ 200 | 10013ms | /api/register-form
[2026-05-11T14:13:54.899Z] GET / — IP: ::1
✅ 302 | 30ms | /
[2026-05-11T14:13:54.989Z] GET /api/login — IP: ::1
✅ 304 | 236ms | /api/login
[2026-05-11T14:13:55.294Z] GET /favicon.ico — IP: ::1
✅ 404 | 6ms | /favicon.ico
[2026-05-11T14:14:02.910Z] POST /api/register-form — IP: ::1
✅ 200 | 540ms | /api/register-form
[2026-05-11T14:14:14.992Z] POST /api/register-form — IP: ::1
✅ 200 | 265ms | /api/register-form
[2026-05-11T14:14:34.977Z] POST /api/register-form — IP: ::1
✅ 200 | 258ms | /api/register-form
[2026-05-11T14:16:41.737Z] POST /api/register-form — IP: ::1
✅ 302 | 485ms | /api/register-form
[2026-05-11T14:16:42.227Z] GET / — IP: ::1
✅ 200 | 106ms | /
[2026-05-11T14:16:42.355Z] GET /Certify.png — IP: ::1
✅ 200 | 30ms | /Certify.png
[2026-05-11T14:16:46.455Z] GET /upload — IP: ::1
✅ 200 | 105ms | /upload
[2026-05-11T14:16:46.587Z] GET /css/upload.css — IP: ::1
✅ 200 | 24ms | /css/upload.css
[2026-05-11T14:17:38.183Z] GET / — IP: ::1
✅ 304 | 11ms | /
[2026-05-11T14:17:38.214Z] GET /Certify.png — IP: ::1
✅ 304 | 2ms | /Certify.png
[2026-05-11T14:17:42.863Z] GET /api/logout — IP: ::1
✅ 302 | 13ms | /api/logout
[2026-05-11T14:17:42.882Z] GET /api/login — IP: ::1
✅ 304 | 6ms | /api/login
[2026-05-11T14:17:52.410Z] POST /api/login-form — IP: ::1
✅ 302 | 248ms | /api/login-form
[2026-05-11T14:17:52.662Z] GET / — IP: ::1
✅ 304 | 7ms | /
[2026-05-11T14:17:52.691Z] GET /Certify.png — IP: ::1
✅ 304 | 2ms | /Certify.png
[2026-05-11T14:17:55.643Z] GET /history — IP: ::1
✅ 200 | 423ms | /history
[2026-05-11T14:18:03.912Z] DELETE /api/certificate/1 — IP: ::1
✅ 200 | 39ms | /api/certificate/1
[2026-05-11T14:19:40.318Z] GET /history?search=vidhi&company=google&riskLevel=Low&startDate=2026-05-05&endDate=2026-05-08 — IP: ::1
✅ 200 | 169ms | /history?search=vidhi&company=google&riskLevel=Low&startDate=2026-05-05&endDate=2026-05-08
[2026-05-11T14:19:44.263Z] GET /upload — IP: ::1
✅ 304 | 7ms | /upload
[2026-05-11T14:19:44.301Z] GET /css/upload.css — IP: ::1
✅ 304 | 5ms | /css/upload.css
[2026-05-11T14:20:37.817Z] GET / — IP: ::1
✅ 304 | 5ms | /
[2026-05-11T14:20:37.846Z] GET /Certify.png — IP: ::1
✅ 304 | 1ms | /Certify.png
[2026-05-11T14:20:41.845Z] GET /result — IP: ::1
✅ 200 | 84ms | /result
[2026-05-11T14:20:46.037Z] GET /upload — IP: ::1
✅ 304 | 3ms | /upload
[2026-05-11T14:20:46.059Z] GET /css/upload.css — IP: ::1
✅ 304 | 1ms | /css/upload.css
[2026-05-11T14:20:48.575Z] GET / — IP: ::1
✅ 304 | 5ms | /
[2026-05-11T14:20:48.613Z] GET /Certify.png — IP: ::1
✅ 304 | 1ms | /Certify.png
[2026-05-11T14:20:50.437Z] GET / — IP: ::1
✅ 304 | 3ms | /
[2026-05-11T14:20:50.459Z] GET /Certify.png — IP: ::1
✅ 304 | 3ms | /Certify.png
[2026-05-11T14:20:53.133Z] GET /upload — IP: ::1
✅ 304 | 3ms | /upload
[2026-05-11T14:20:53.153Z] GET /css/upload.css — IP: ::1
✅ 304 | 2ms | /css/upload.css
[2026-05-11T14:20:55.091Z] GET / — IP: ::1
✅ 304 | 3ms | /
[2026-05-11T14:20:55.111Z] GET /Certify.png — IP: ::1
✅ 304 | 3ms | /Certify.png
[2026-05-13T18:24:15.749Z] GET / — IP: ::1
✅ 302 | 19ms | /
[2026-05-13T18:24:15.782Z] GET /api/login — IP: ::1
✅ 200 | 31ms | /api/login
[2026-05-13T18:24:16.152Z] GET /favicon.ico — IP: ::1
✅ 404 | 5ms | /favicon.ico
[2026-05-13T18:24:47.566Z] GET / — IP: ::1
✅ 302 | 5ms | /
[2026-05-13T18:24:47.581Z] GET /api/login — IP: ::1
✅ 304 | 5ms | /api/login
[2026-05-13T18:25:12.617Z] POST /api/login-form — IP: ::1
✅ 200 | 975ms | /api/login-form
[2026-05-13T18:25:16.352Z] GET /api/register — IP: ::1
✅ 200 | 6ms | /api/register
[2026-05-13T18:25:38.219Z] POST /api/register-form — IP: ::1
✅ 200 | 68ms | /api/register-form
[2026-05-13T18:25:44.711Z] GET /api/login — IP: ::1
✅ 304 | 3ms | /api/login
[2026-05-13T18:26:08.783Z] POST /api/login-form — IP: ::1
✅ 200 | 90ms | /api/login-form
[2026-05-13T18:26:11.733Z] GET /api/register — IP: ::1
✅ 304 | 4ms | /api/register
[2026-05-13T18:26:26.817Z] GET /api/register — IP: ::1
✅ 304 | 17ms | /api/register
[2026-05-13T18:26:27.000Z] GET /favicon.ico — IP: ::1
✅ 404 | 449ms | /favicon.ico
[2026-05-13T18:26:44.981Z] POST /api/register-form — IP: ::1
✅ 200 | 5ms | /api/register-form
[2026-05-13T18:27:09.729Z] POST /api/register-form — IP: ::1
✅ 200 | 104ms | /api/register-form
[2026-05-13T18:27:14.228Z] GET /api/login — IP: ::1
✅ 304 | 5ms | /api/login
[2026-05-13T18:27:16.175Z] POST /api/login-form — IP: ::1
✅ 200 | 115ms | /api/login-form
[2026-05-13T18:27:18.277Z] POST /api/login-form — IP: ::1
✅ 200 | 72ms | /api/login-form
[2026-05-13T18:27:19.086Z] POST /api/login-form — IP: ::1
✅ 200 | 72ms | /api/login-form
[2026-05-13T18:27:19.982Z] POST /api/login-form — IP: ::1
✅ 200 | 67ms | /api/login-form
[2026-05-13T18:27:20.798Z] POST /api/login-form — IP: ::1
✅ 200 | 70ms | /api/login-form
[2026-05-13T18:27:22.366Z] GET /api/register — IP: ::1
✅ 304 | 2ms | /api/register
[2026-05-13T18:27:37.381Z] POST /api/register-form — IP: ::1
✅ 200 | 75ms | /api/register-form
[2026-05-13T18:28:42.409Z] GET /.well-known/appspecific/com.chrome.devtools.json — IP: ::1
✅ 404 | 3ms | /.well-known/appspecific/com.chrome.devtools.json
[2026-05-13T18:29:03.582Z] POST /api/register-form — IP: ::1
✅ 200 | 86ms | /api/register-form
[2026-05-13T18:29:03.781Z] GET /.well-known/appspecific/com.chrome.devtools.json — IP: ::1
✅ 404 | 4ms | /.well-known/appspecific/com.chrome.devtools.json
[2026-05-13T18:29:22.592Z] POST /api/register-form — IP: ::1
✅ 200 | 75ms | /api/register-form
[2026-05-13T18:29:22.752Z] GET /.well-known/appspecific/com.chrome.devtools.json — IP: ::1
✅ 404 | 2ms | /.well-known/appspecific/com.chrome.devtools.json
[2026-05-13T18:52:18.630Z] GET / — IP: ::1
✅ 302 | 23ms | /
[2026-05-13T18:52:18.670Z] GET /api/login — IP: ::1
✅ 304 | 37ms | /api/login
[2026-05-13T18:52:23.170Z] GET /api/login — IP: ::1
✅ 304 | 9ms | /api/login
[2026-05-13T18:52:25.244Z] POST /api/login-form — IP: ::1
✅ 200 | 764ms | /api/login-form
[2026-05-13T18:52:28.734Z] POST /api/login-form — IP: ::1
✅ 200 | 73ms | /api/login-form
[2026-05-13T18:52:30.604Z] GET /api/register — IP: ::1
✅ 304 | 7ms | /api/register
[2026-05-13T18:52:41.931Z] POST /api/register-form — IP: ::1
✅ 200 | 77ms | /api/register-form
[2026-05-13T18:53:05.116Z] POST /api/register-form — IP: ::1
✅ 200 | 72ms | /api/register-form
[2026-05-13T18:53:10.765Z] GET /.well-known/appspecific/com.chrome.devtools.json — IP: ::1
✅ 404 | 4ms | /.well-known/appspecific/com.chrome.devtools.json
[2026-05-13T18:56:36.070Z] GET / — IP: ::1
✅ 302 | 25ms | /
[2026-05-13T18:56:36.098Z] GET /api/login — IP: ::1
✅ 304 | 31ms | /api/login
[2026-05-13T18:56:40.188Z] GET /api/login — IP: ::1
✅ 304 | 6ms | /api/login
[2026-05-13T18:56:43.975Z] POST /api/login-form — IP: ::1
✅ 200 | 143ms | /api/login-form
[2026-05-13T18:56:46.611Z] POST /api/login-form — IP: ::1
✅ 200 | 167ms | /api/login-form
[2026-05-13T18:56:48.732Z] GET /api/register — IP: ::1
✅ 304 | 3ms | /api/register
[2026-05-13T18:57:01.452Z] POST /api/register-form — IP: ::1
✅ 200 | 82ms | /api/register-form
[2026-05-13T18:58:40.120Z] POST /api/register-form — IP: ::1
✅ 200 | 215ms | /api/register-form
[2026-05-13T18:58:50.649Z] POST /api/register-form — IP: ::1
✅ 200 | 82ms | /api/register-form
[2026-05-13T19:04:23.987Z] GET / — IP: ::1
✅ 302 | 22ms | /
[2026-05-13T19:04:24.012Z] GET /api/login — IP: ::1
✅ 304 | 24ms | /api/login
[2026-05-13T19:04:27.802Z] GET /api/login — IP: ::1
✅ 304 | 19ms | /api/login
[2026-05-13T19:04:29.529Z] POST /api/login-form — IP: ::1
✅ 200 | 166ms | /api/login-form
[2026-05-13T19:04:31.994Z] GET /api/register — IP: ::1
✅ 304 | 4ms | /api/register
[2026-05-13T19:04:43.136Z] POST /api/register-form — IP: ::1
✅ 302 | 284ms | /api/register-form
[2026-05-13T19:04:43.426Z] GET / — IP: ::1
✅ 200 | 12ms | /
[2026-05-13T19:04:43.449Z] GET /Certify.png — IP: ::1
✅ 200 | 33ms | /Certify.png
[2026-05-13T19:06:45.104Z] GET /upload — IP: ::1
✅ 304 | 5ms | /upload
[2026-05-13T19:06:45.135Z] GET /css/upload.css — IP: ::1
✅ 200 | 30ms | /css/upload.css
[2026-05-13T19:06:58.781Z] POST /api/upload?socketId=mmcS2NPv8j9J8zbvAAAB — IP: ::1
✅ 400 | 2367ms | /api/upload?socketId=mmcS2NPv8j9J8zbvAAAB
[2026-05-13T19:07:11.142Z] POST /api/upload?socketId=mmcS2NPv8j9J8zbvAAAB — IP: ::1
✅ 400 | 2278ms | /api/upload?socketId=mmcS2NPv8j9J8zbvAAAB
[2026-05-13T19:08:16.356Z] POST /api/upload?socketId=oKyHt60DuskucqEZAAAD — IP: ::1
✅ 500 | 5069ms | /api/upload?socketId=oKyHt60DuskucqEZAAAD
[2026-05-13T19:22:37.582Z] GET / — IP: ::1
✅ 302 | 21ms | /
[2026-05-13T19:22:37.605Z] GET /api/login — IP: ::1
✅ 304 | 23ms | /api/login
[2026-05-13T19:22:41.815Z] GET /api/login — IP: ::1
✅ 304 | 32ms | /api/login
[2026-05-13T19:22:43.609Z] POST /api/login-form — IP: ::1
✅ 302 | 224ms | /api/login-form
[2026-05-13T19:22:43.838Z] GET / — IP: ::1
✅ 304 | 8ms | /
[2026-05-13T19:22:43.859Z] GET /Certify.png — IP: ::1
✅ 304 | 5ms | /Certify.png
[2026-05-13T19:22:50.859Z] GET /upload — IP: ::1
✅ 304 | 6ms | /upload
[2026-05-13T19:22:50.894Z] GET /css/upload.css — IP: ::1
✅ 304 | 5ms | /css/upload.css
[2026-05-13T19:23:00.982Z] POST /api/upload?socketId=GnKP48zQG1B5qEsWAAAD — IP: ::1
✅ 500 | 4835ms | /api/upload?socketId=GnKP48zQG1B5qEsWAAAD
[2026-05-13T19:23:13.592Z] POST /api/upload?socketId=GnKP48zQG1B5qEsWAAAD — IP: ::1
✅ 500 | 4482ms | /api/upload?socketId=GnKP48zQG1B5qEsWAAAD
[2026-05-13T19:34:26.602Z] GET / — IP: ::1
✅ 302 | 12ms | /
[2026-05-13T19:34:26.620Z] GET /api/login — IP: ::1
✅ 304 | 26ms | /api/login
[2026-05-13T19:34:30.067Z] GET /api/login — IP: ::1
✅ 304 | 32ms | /api/login
[2026-05-13T19:34:32.208Z] POST /api/login-form — IP: ::ffff:127.0.0.1
✅ 302 | 251ms | /api/login-form
[2026-05-13T19:34:32.463Z] GET / — IP: ::ffff:127.0.0.1
✅ 304 | 8ms | /
[2026-05-13T19:34:32.489Z] GET /Certify.png — IP: ::ffff:127.0.0.1
✅ 304 | 2ms | /Certify.png
[2026-05-13T19:34:33.799Z] GET /upload — IP: ::ffff:127.0.0.1
✅ 304 | 6ms | /upload
[2026-05-13T19:34:33.832Z] GET /css/upload.css — IP: ::ffff:127.0.0.1
✅ 304 | 7ms | /css/upload.css
[2026-05-13T19:34:42.293Z] POST /api/upload?socketId=jVvobwkdCSdIl8XpAAAF — IP: ::1
✅ 200 | 5782ms | /api/upload?socketId=jVvobwkdCSdIl8XpAAAF
[2026-05-13T19:34:49.304Z] GET /result — IP: ::1
✅ 304 | 7ms | /result
[2026-05-13T19:38:01.340Z] GET /result — IP: ::1
✅ 304 | 31ms | /result
[2026-05-13T19:38:14.468Z] GET / — IP: ::1
✅ 302 | 8ms | /
[2026-05-13T19:38:14.490Z] GET /api/login — IP: ::1
✅ 304 | 7ms | /api/login
[2026-05-13T19:38:16.701Z] POST /api/login-form — IP: ::1
✅ 302 | 288ms | /api/login-form
[2026-05-13T19:38:16.994Z] GET / — IP: ::1
✅ 200 | 9ms | /
[2026-05-13T19:38:17.014Z] GET /Certify.png — IP: ::1
✅ 304 | 4ms | /Certify.png
[2026-05-13T19:38:18.302Z] GET /upload — IP: ::1
✅ 304 | 4ms | /upload
[2026-05-13T19:38:18.331Z] GET /css/upload.css — IP: ::1
✅ 304 | 5ms | /css/upload.css
[2026-05-13T19:38:26.615Z] POST /api/upload?socketId=CbVxglts2Zi5B8YxAAAF — IP: ::1
✅ 200 | 4733ms | /api/upload?socketId=CbVxglts2Zi5B8YxAAAF
[2026-05-13T19:38:32.558Z] GET /result — IP: ::1
✅ 304 | 4ms | /result
[2026-05-13T19:51:00.398Z] GET / — IP: ::1
✅ 302 | 18ms | /
[2026-05-13T19:51:00.421Z] GET /api/login — IP: ::1
✅ 304 | 34ms | /api/login
[2026-05-13T19:51:05.010Z] GET /api/login — IP: ::1
✅ 304 | 10ms | /api/login
[2026-05-13T19:51:07.321Z] POST /api/login-form — IP: ::1
✅ 302 | 332ms | /api/login-form
[2026-05-13T19:51:07.658Z] GET / — IP: ::1
✅ 304 | 11ms | /
[2026-05-13T19:51:07.680Z] GET /Certify.png — IP: ::1
✅ 304 | 10ms | /Certify.png
[2026-05-13T19:52:23.961Z] GET /upload — IP: ::1
✅ 302 | 19ms | /upload
[2026-05-13T19:52:23.986Z] GET /api/login — IP: ::1
✅ 304 | 38ms | /api/login
[2026-05-13T19:52:25.589Z] POST /api/login-form — IP: ::1
✅ 302 | 220ms | /api/login-form
[2026-05-13T19:52:25.816Z] GET / — IP: ::1
✅ 304 | 6ms | /
[2026-05-13T19:52:25.839Z] GET /Certify.png — IP: ::1
✅ 304 | 5ms | /Certify.png
[2026-05-13T19:52:28.237Z] GET /upload — IP: ::1
✅ 200 | 5ms | /upload
[2026-05-13T19:52:28.263Z] GET /css/upload.css — IP: ::1
✅ 304 | 5ms | /css/upload.css
[2026-05-13T19:52:38.240Z] POST /api/upload?socketId=PhvuQ2_QFBaWWH0mAAAD — IP: ::1
✅ 200 | 7285ms | /api/upload?socketId=PhvuQ2_QFBaWWH0mAAAD
[2026-05-13T19:52:47.163Z] GET /result — IP: ::1
✅ 304 | 8ms | /result
[2026-05-13T19:54:42.604Z] POST /api/upload?socketId=tie8VGMbAZZjOIa7AAAJ — IP: ::1
✅ 200 | 5744ms | /api/upload?socketId=tie8VGMbAZZjOIa7AAAJ
[2026-05-13T20:03:38.512Z] POST /api/upload?socketId=wxgbrudBnqBKqALaAAAR — IP: ::1
✅ 200 | 4945ms | /api/upload?socketId=wxgbrudBnqBKqALaAAAR
[2026-05-13T20:06:55.693Z] POST /api/upload?socketId=r83-6ZWpwCqV_tT_AAAZ — IP: ::1
✅ 200 | 4493ms | /api/upload?socketId=r83-6ZWpwCqV_tT_AAAZ
[2026-05-13T20:07:42.052Z] POST /api/upload?socketId=KLcswkA9GxeHljQbAAAd — IP: ::1
✅ 200 | 4490ms | /api/upload?socketId=KLcswkA9GxeHljQbAAAd
[2026-05-13T20:11:51.659Z] POST /api/upload?socketId=iDTnzneK3G3g1Fu3AAAn — IP: ::1
✅ 200 | 5256ms | /api/upload?socketId=iDTnzneK3G3g1Fu3AAAn
[2026-05-13T20:27:11.736Z] POST /api/upload?socketId=Q1KbpJxjqi-Ue8uCAABD — IP: ::1
✅ 200 | 5052ms | /api/upload?socketId=Q1KbpJxjqi-Ue8uCAABD
[2026-05-13T20:33:22.840Z] POST /api/upload?socketId=id1VywAMGZJ9Wp2QAABL — IP: ::1
✅ 200 | 4723ms | /api/upload?socketId=id1VywAMGZJ9Wp2QAABL
[2026-05-13T20:44:15.043Z] POST /api/upload?socketId=LQ3LyNhwIeA-1P_IAAAL — IP: ::1
✅ 401 | 8ms | /api/upload?socketId=LQ3LyNhwIeA-1P_IAAAL
[2026-05-13T20:45:25.656Z] POST /api/upload?socketId=1Rlf_dgMhVoj3gqOAAAj — IP: ::1
✅ 401 | 3ms | /api/upload?socketId=1Rlf_dgMhVoj3gqOAAAj
[2026-05-13T20:48:30.736Z] POST /api/upload?socketId=IkepniQLDfEcAP1MAAAl — IP: ::1
✅ 401 | 3ms | /api/upload?socketId=IkepniQLDfEcAP1MAAAl
[2026-05-13T20:58:09.611Z] POST /api/upload?socketId=7hizjIVYvfQOlUKsAAAp — IP: ::1
✅ 401 | 2ms | /api/upload?socketId=7hizjIVYvfQOlUKsAAAp
[2026-05-13T20:58:31.080Z] POST /api/upload?socketId=7hizjIVYvfQOlUKsAAAp — IP: ::1
✅ 401 | 3ms | /api/upload?socketId=7hizjIVYvfQOlUKsAAAp
[2026-05-13T20:59:08.949Z] POST /api/upload?socketId=7hizjIVYvfQOlUKsAAAp — IP: ::1
✅ 401 | 1ms | /api/upload?socketId=7hizjIVYvfQOlUKsAAAp
[2026-05-13T20:59:32.379Z] POST /api/upload?socketId=7hizjIVYvfQOlUKsAAAp — IP: ::1
✅ 401 | 2ms | /api/upload?socketId=7hizjIVYvfQOlUKsAAAp
[2026-05-13T21:30:37.244Z] POST /api/upload?socketId=r7BKxOG2OHm5qm9YAABe — IP: ::1
✅ 401 | 2ms | /api/upload?socketId=r7BKxOG2OHm5qm9YAABe
[2026-05-13T21:37:18.935Z] POST /api/upload?socketId=aFXQl3Ju0Et16VAcAABp — IP: ::1
✅ 401 | 2ms | /api/upload?socketId=aFXQl3Ju0Et16VAcAABp
[2026-05-13T21:43:37.219Z] POST /api/upload?socketId=bEzAGLuzvwmQtSmKAAB9 — IP: ::1
✅ 401 | 2ms | /api/upload?socketId=bEzAGLuzvwmQtSmKAAB9
[2026-05-13T21:53:17.134Z] POST /api/upload?socketId=zMZB4DBd73AveGMNAACT — IP: ::1
✅ 401 | 1ms | /api/upload?socketId=zMZB4DBd73AveGMNAACT
[2026-05-13T21:53:21.138Z] POST /api/upload?socketId=zMZB4DBd73AveGMNAACT — IP: ::1
✅ 401 | 2ms | /api/upload?socketId=zMZB4DBd73AveGMNAACT
[2026-05-13T22:03:19.275Z] POST /api/upload?socketId=N7GYyyrQr0XJWe2HAACz — IP: ::1
✅ 401 | 2ms | /api/upload?socketId=N7GYyyrQr0XJWe2HAACz
[2026-05-13T22:03:44.348Z] POST /api/upload?socketId=N7GYyyrQr0XJWe2HAACz — IP: ::1
✅ 401 | 2ms | /api/upload?socketId=N7GYyyrQr0XJWe2HAACz
[2026-05-13T22:12:50.851Z] POST /api/upload?socketId=tqdBgEdBGnRjwxQ-AAAL — IP: ::1
✅ 200 | 4531ms | /api/upload?socketId=tqdBgEdBGnRjwxQ-AAAL
[2026-05-13T22:19:55.611Z] POST /api/upload?socketId=d_Sa4i4Pifm24SxYAAAX — IP: ::1
✅ 200 | 4730ms | /api/upload?socketId=d_Sa4i4Pifm24SxYAAAX
[2026-05-14T07:16:20.965Z] GET / — IP: ::1
✅ 302 | 16ms | /
[2026-05-14T07:16:20.983Z] GET /api/login — IP: ::1
✅ 200 | 18ms | /api/login
[2026-05-14T07:16:21.081Z] GET /favicon.ico — IP: ::1
✅ 404 | 3ms | /favicon.ico
[2026-05-14T07:16:40.265Z] GET / — IP: ::1
✅ 302 | 6ms | /
[2026-05-14T07:16:40.327Z] GET /api/login — IP: ::1
✅ 304 | 9ms | /api/login
[2026-05-14T07:16:40.442Z] GET /favicon.ico — IP: ::1
✅ 404 | 3ms | /favicon.ico
[2026-05-14T07:16:55.432Z] POST /api/login-form — IP: ::1
✅ 200 | 586ms | /api/login-form
[2026-05-14T07:16:59.442Z] GET /api/register — IP: ::1
✅ 304 | 4ms | /api/register
[2026-05-14T07:17:14.113Z] POST /api/register-form — IP: ::1
✅ 200 | 71ms | /api/register-form
[2026-05-14T07:17:29.417Z] POST /api/register-form — IP: ::1
✅ 200 | 90ms | /api/register-form
[2026-05-14T07:17:48.064Z] POST /api/register-form — IP: ::1
✅ 200 | 223ms | /api/register-form
[2026-05-14T07:20:40.750Z] POST /api/register-form — IP: ::1
✅ 200 | 385ms | /api/register-form
[2026-05-14T07:20:53.170Z] POST /api/register-form — IP: ::1
✅ 200 | 121ms | /api/register-form
[2026-05-14T07:21:56.168Z] GET / — IP: ::1
✅ 302 | 20ms | /
[2026-05-14T07:21:56.190Z] GET /api/login — IP: ::1
✅ 304 | 15ms | /api/login
[2026-05-14T07:22:12.466Z] POST /api/register-form — IP: ::1
✅ 302 | 547ms | /api/register-form
[2026-05-14T07:22:13.028Z] GET / — IP: ::1
✅ 200 | 19ms | /
[2026-05-14T07:22:13.070Z] GET /Certify.png — IP: ::1
✅ 304 | 12ms | /Certify.png
[2026-05-14T07:22:53.546Z] GET /upload — IP: ::1
✅ 304 | 16ms | /upload
[2026-05-14T07:22:53.603Z] GET /css/upload.css — IP: ::1
✅ 304 | 7ms | /css/upload.css
[2026-05-14T07:23:25.971Z] POST /api/upload?socketId=f89BdZERJwaDKB9XAAAB — IP: ::1
✅ 500 | 566ms | /api/upload?socketId=f89BdZERJwaDKB9XAAAB
[2026-05-14T07:23:30.697Z] POST /api/upload?socketId=f89BdZERJwaDKB9XAAAB — IP: ::1
✅ 500 | 524ms | /api/upload?socketId=f89BdZERJwaDKB9XAAAB
[2026-05-14T07:28:41.859Z] POST /api/upload?socketId=m-1k29XjwKLQeBdeAAAB — IP: ::ffff:127.0.0.1
[2026-05-14T07:28:44.317Z] POST /api/upload?socketId=m-1k29XjwKLQeBdeAAAB — IP: ::1
[2026-05-14T07:28:45.081Z] POST /api/upload?socketId=m-1k29XjwKLQeBdeAAAB — IP: ::1
[2026-05-14T07:28:45.308Z] POST /api/upload?socketId=m-1k29XjwKLQeBdeAAAB — IP: ::1
✅ 200 | 5769ms | /api/upload?socketId=m-1k29XjwKLQeBdeAAAB
[2026-05-14T07:28:48.855Z] GET /result — IP: ::ffff:127.0.0.1
✅ 304 | 16ms | /result
[2026-05-14T07:29:10.031Z] GET / — IP: ::1
✅ 302 | 31ms | /
[2026-05-14T07:29:10.073Z] GET /api/login — IP: ::1
✅ 304 | 26ms | /api/login
[2026-05-14T07:29:15.688Z] POST /api/login-form — IP: ::1
✅ 302 | 398ms | /api/login-form
[2026-05-14T07:29:16.095Z] GET / — IP: ::1
✅ 200 | 14ms | /
[2026-05-14T07:29:16.127Z] GET /Certify.png — IP: ::1
✅ 304 | 4ms | /Certify.png
[2026-05-14T07:29:18.276Z] GET /upload — IP: ::1
✅ 304 | 4ms | /upload
[2026-05-14T07:29:18.299Z] GET /css/upload.css — IP: ::1
✅ 304 | 5ms | /css/upload.css
[2026-05-14T07:29:30.823Z] POST /api/upload?socketId=1_NEfOMO5dt9F3uxAAAB — IP: ::1
✅ 200 | 7322ms | /api/upload?socketId=1_NEfOMO5dt9F3uxAAAB
[2026-05-14T07:29:39.371Z] GET /result — IP: ::1
✅ 304 | 8ms | /result
[2026-05-14T07:32:17.792Z] GET /result — IP: ::1
✅ 304 | 37ms | /result
[2026-05-14T07:32:20.274Z] GET /result — IP: ::1
✅ 304 | 17ms | /result
[2026-05-14T07:32:21.397Z] GET / — IP: ::1
✅ 302 | 17ms | /
[2026-05-14T07:32:21.457Z] GET /api/login — IP: ::1
✅ 304 | 18ms | /api/login
[2026-05-14T07:32:28.773Z] POST /api/login-form — IP: ::1
✅ 302 | 419ms | /api/login-form
[2026-05-14T07:32:29.203Z] GET / — IP: ::1
✅ 200 | 10ms | /
[2026-05-14T07:32:29.226Z] GET /Certify.png — IP: ::1
✅ 304 | 3ms | /Certify.png
[2026-05-14T07:32:33.791Z] GET /upload — IP: ::1
✅ 304 | 10ms | /upload
[2026-05-14T07:32:33.829Z] GET /css/upload.css — IP: ::1
✅ 304 | 5ms | /css/upload.css
[2026-05-14T07:32:44.712Z] POST /api/upload?socketId=rkSLeP4LMTy6EyJdAAAB — IP: ::1
✅ 200 | 6281ms | /api/upload?socketId=rkSLeP4LMTy6EyJdAAAB
[2026-05-14T07:32:52.237Z] GET /result — IP: ::1
✅ 304 | 6ms | /result
[2026-05-14T07:35:58.600Z] GET /upload — IP: ::1
✅ 302 | 28ms | /upload
[2026-05-14T07:35:58.636Z] GET /api/login — IP: ::1
✅ 304 | 24ms | /api/login
[2026-05-14T07:36:05.030Z] POST /api/login-form — IP: ::1
✅ 302 | 532ms | /api/login-form
[2026-05-14T07:36:05.573Z] GET / — IP: ::1
✅ 304 | 13ms | /
[2026-05-14T07:36:05.601Z] GET /Certify.png — IP: ::1
✅ 304 | 3ms | /Certify.png
[2026-05-14T07:36:08.734Z] GET /history — IP: ::1
✅ 200 | 31ms | /history
[2026-05-14T07:36:12.024Z] GET /upload — IP: ::1
✅ 200 | 9ms | /upload
[2026-05-14T07:36:12.057Z] GET /css/upload.css — IP: ::1
✅ 304 | 4ms | /css/upload.css
[2026-05-14T07:36:34.975Z] POST /api/upload?socketId=AfACGBFL08zq9NCkAAAB — IP: ::1
✅ 200 | 6102ms | /api/upload?socketId=AfACGBFL08zq9NCkAAAB
[2026-05-14T07:36:42.310Z] GET /result — IP: ::1
✅ 304 | 7ms | /result
[2026-05-14T07:42:19.675Z] GET / — IP: ::1
✅ 302 | 20ms | /
[2026-05-14T07:42:19.697Z] GET /api/login — IP: ::1
✅ 304 | 14ms | /api/login
[2026-05-14T07:42:39.592Z] GET / — IP: ::1
✅ 302 | 6ms | /
[2026-05-14T07:42:39.615Z] GET /api/login — IP: ::1
✅ 304 | 7ms | /api/login
[2026-05-14T07:42:57.169Z] POST /api/login-form — IP: ::1
✅ 302 | 422ms | /api/login-form
[2026-05-14T07:42:57.599Z] GET / — IP: ::1
✅ 200 | 10ms | /
[2026-05-14T07:42:57.622Z] GET /Certify.png — IP: ::1
✅ 304 | 1ms | /Certify.png
[2026-05-14T07:43:00.906Z] GET /upload — IP: ::1
✅ 304 | 7ms | /upload
[2026-05-14T07:43:00.934Z] GET /css/upload.css — IP: ::1
✅ 304 | 5ms | /css/upload.css
[2026-05-14T07:43:20.994Z] POST /api/upload?socketId=z6UYOBwpxJDDTKo1AAAB — IP: ::1
✅ 200 | 7614ms | /api/upload?socketId=z6UYOBwpxJDDTKo1AAAB
[2026-05-14T07:43:29.857Z] GET /result — IP: ::1
✅ 304 | 5ms | /result
[2026-05-14T07:43:40.627Z] GET /upload — IP: ::1
✅ 304 | 6ms | /upload
[2026-05-14T07:43:40.650Z] GET /css/upload.css — IP: ::1
✅ 304 | 3ms | /css/upload.css
[2026-05-14T07:43:50.978Z] POST /api/upload?socketId=0VjU-vJvnrQkasqiAAAD — IP: ::1
✅ 200 | 5787ms | /api/upload?socketId=0VjU-vJvnrQkasqiAAAD
[2026-05-14T07:43:58.005Z] GET /result — IP: ::1
✅ 304 | 6ms | /result
[2026-05-14T07:45:34.225Z] GET /upload — IP: ::1
✅ 302 | 30ms | /upload
[2026-05-14T07:45:34.271Z] GET /api/login — IP: ::1
✅ 304 | 20ms | /api/login
[2026-05-14T07:45:57.731Z] POST /api/login-form — IP: ::1
✅ 302 | 390ms | /api/login-form
[2026-05-14T07:45:58.131Z] GET / — IP: ::1
✅ 304 | 14ms | /
[2026-05-14T07:45:58.164Z] GET /Certify.png — IP: ::1
✅ 304 | 2ms | /Certify.png
[2026-05-14T07:46:00.262Z] GET /upload — IP: ::1
✅ 200 | 11ms | /upload
[2026-05-14T07:46:00.295Z] GET /css/upload.css — IP: ::1
✅ 304 | 3ms | /css/upload.css
[2026-05-14T07:46:08.583Z] POST /api/upload?socketId=PpBoxHOqdpvajxpTAAAB — IP: ::1
✅ 200 | 6382ms | /api/upload?socketId=PpBoxHOqdpvajxpTAAAB
[2026-05-14T07:46:16.216Z] GET /result — IP: ::1
✅ 304 | 6ms | /result
[2026-05-14T07:46:20.217Z] GET /upload — IP: ::1
✅ 304 | 5ms | /upload
[2026-05-14T07:46:20.247Z] GET /css/upload.css — IP: ::1
✅ 304 | 3ms | /css/upload.css
[2026-05-14T07:46:36.728Z] POST /api/upload?socketId=F9ukjEY5VaWP8wYHAAAD — IP: ::1
✅ 200 | 5101ms | /api/upload?socketId=F9ukjEY5VaWP8wYHAAAD
[2026-05-14T07:46:43.068Z] GET /result — IP: ::1
✅ 304 | 4ms | /result
[2026-05-14T07:46:50.242Z] GET /upload — IP: ::1
✅ 304 | 8ms | /upload
[2026-05-14T07:46:50.277Z] GET /css/upload.css — IP: ::1
✅ 304 | 3ms | /css/upload.css
[2026-05-14T08:18:24.360Z] GET /upload — IP: ::1
✅ 302 | 9ms | /upload
[2026-05-14T08:18:24.376Z] GET /api/login — IP: ::1
✅ 304 | 12ms | /api/login
[2026-05-14T08:18:42.050Z] POST /api/login-form — IP: ::1
✅ 302 | 322ms | /api/login-form
[2026-05-14T08:18:42.377Z] GET / — IP: ::1
✅ 304 | 6ms | /
[2026-05-14T08:18:42.392Z] GET /Certify.png — IP: ::1
✅ 304 | 1ms | /Certify.png
[2026-05-14T08:18:47.866Z] GET /upload — IP: ::1
✅ 200 | 2ms | /upload
[2026-05-14T08:18:47.881Z] GET /css/upload.css — IP: ::1
✅ 304 | 3ms | /css/upload.css
[2026-05-14T08:19:02.790Z] POST /api/upload?socketId=q4iHG9J5040YbqVSAAAD — IP: ::1
✅ 200 | 5603ms | /api/upload?socketId=q4iHG9J5040YbqVSAAAD
[2026-05-14T08:19:09.637Z] GET /result — IP: ::1
✅ 200 | 5ms | /result
[2026-05-14T08:21:06.003Z] GET /upload — IP: ::1
✅ 302 | 11ms | /upload
[2026-05-14T08:21:06.021Z] GET /api/login — IP: ::1
✅ 304 | 11ms | /api/login
[2026-05-14T08:21:27.590Z] POST /api/login-form — IP: ::1
✅ 302 | 177ms | /api/login-form
[2026-05-14T08:21:27.771Z] GET / — IP: ::1
✅ 304 | 6ms | /
[2026-05-14T08:21:27.786Z] GET /Certify.png — IP: ::1
✅ 304 | 1ms | /Certify.png
[2026-05-14T08:21:30.728Z] GET /upload — IP: ::1
✅ 200 | 3ms | /upload
[2026-05-14T08:21:30.747Z] GET /css/upload.css — IP: ::1
✅ 304 | 2ms | /css/upload.css
[2026-05-14T08:21:39.618Z] POST /api/upload?socketId=Im9asAkgHK9yHVa-AAAB — IP: ::1
✅ 200 | 5538ms | /api/upload?socketId=Im9asAkgHK9yHVa-AAAB
[2026-05-14T08:21:46.379Z] GET /result — IP: ::1
✅ 304 | 3ms | /result
[2026-05-14T08:21:50.979Z] GET /upload — IP: ::1
✅ 304 | 4ms | /upload
[2026-05-14T08:21:50.997Z] GET /css/upload.css — IP: ::1
✅ 304 | 3ms | /css/upload.css
[2026-05-14T08:22:17.222Z] POST /api/upload?socketId=Fkk4zBkvxfkiHsLQAAAD — IP: ::1
✅ 200 | 4448ms | /api/upload?socketId=Fkk4zBkvxfkiHsLQAAAD
[2026-05-14T08:22:22.891Z] GET /result — IP: ::1
✅ 304 | 4ms | /result
[2026-05-14T08:22:29.511Z] GET /upload — IP: ::1
✅ 304 | 2ms | /upload
[2026-05-14T08:22:29.528Z] GET /css/upload.css — IP: ::1
✅ 304 | 2ms | /css/upload.css
[2026-05-14T08:22:44.409Z] POST /api/upload?socketId=f4Qz-1CkOImzioupAAAF — IP: ::1
✅ 200 | 4638ms | /api/upload?socketId=f4Qz-1CkOImzioupAAAF
[2026-05-14T08:22:50.266Z] GET /result — IP: ::1
✅ 304 | 3ms | /result
[2026-05-14T08:22:59.462Z] GET /upload — IP: ::1
✅ 304 | 2ms | /upload
[2026-05-14T08:22:59.473Z] GET /css/upload.css — IP: ::1
✅ 304 | 2ms | /css/upload.css
[2026-05-14T08:23:05.151Z] POST /api/upload?socketId=W3zB65LiKeKVJtMuAAAH — IP: ::1
✅ 200 | 7337ms | /api/upload?socketId=W3zB65LiKeKVJtMuAAAH
[2026-05-14T08:23:13.729Z] GET /result — IP: ::1
✅ 304 | 4ms | /result
[2026-05-14T08:23:24.578Z] GET /upload — IP: ::1
✅ 304 | 2ms | /upload
[2026-05-14T08:23:24.594Z] GET /css/upload.css — IP: ::1
✅ 304 | 2ms | /css/upload.css
[2026-05-14T08:23:32.249Z] POST /api/upload?socketId=4TktEi2cGJzQFl7aAAAJ — IP: ::1
✅ 200 | 5206ms | /api/upload?socketId=4TktEi2cGJzQFl7aAAAJ
[2026-05-14T08:23:38.970Z] GET /result — IP: ::1
✅ 304 | 3ms | /result
[2026-05-14T08:23:48.373Z] GET /upload — IP: ::1
✅ 304 | 4ms | /upload
[2026-05-14T08:23:48.395Z] GET /css/upload.css — IP: ::1
✅ 304 | 1ms | /css/upload.css
[2026-05-14T08:24:13.002Z] POST /api/upload?socketId=pK3FJyhlcKL7Qm-fAAAL — IP: ::1
[2026-05-14T08:24:22.411Z] POST /api/upload?socketId=pK3FJyhlcKL7Qm-fAAAL — IP: ::1
[2026-05-14T08:24:24.002Z] POST /api/upload?socketId=pK3FJyhlcKL7Qm-fAAAL — IP: ::1
✅ 200 | 20828ms | /api/upload?socketId=pK3FJyhlcKL7Qm-fAAAL
[2026-05-14T08:24:35.045Z] GET /result — IP: ::1
✅ 304 | 3ms | /result
[2026-05-14T08:27:10.147Z] GET /upload — IP: ::1
✅ 302 | 13ms | /upload
[2026-05-14T08:27:10.165Z] GET /api/login — IP: ::1
✅ 304 | 9ms | /api/login
[2026-05-14T08:27:23.771Z] POST /api/login-form — IP: ::1
✅ 302 | 172ms | /api/login-form
[2026-05-14T08:27:23.949Z] GET / — IP: ::1
✅ 304 | 4ms | /
[2026-05-14T08:27:23.962Z] GET /Certify.png — IP: ::1
✅ 304 | 1ms | /Certify.png
[2026-05-14T08:27:26.301Z] GET /upload — IP: ::1
✅ 200 | 3ms | /upload
[2026-05-14T08:27:26.317Z] GET /css/upload.css — IP: ::1
✅ 304 | 3ms | /css/upload.css
[2026-05-14T08:27:40.013Z] POST /api/upload?socketId=ymZCvj-MneKufaU2AAAB — IP: ::1
✅ 200 | 6152ms | /api/upload?socketId=ymZCvj-MneKufaU2AAAB
[2026-05-14T08:27:47.388Z] GET /result — IP: ::1
✅ 304 | 3ms | /result
[2026-05-14T08:27:58.140Z] GET / — IP: ::1
✅ 304 | 4ms | /
[2026-05-14T08:27:58.157Z] GET /Certify.png — IP: ::1
✅ 304 | 1ms | /Certify.png
[2026-05-14T08:29:24.993Z] GET /upload — IP: ::1
✅ 302 | 13ms | /upload
[2026-05-14T08:29:25.011Z] GET /api/login — IP: ::1
✅ 304 | 9ms | /api/login
[2026-05-14T08:29:36.888Z] POST /api/login-form — IP: ::1
✅ 302 | 173ms | /api/login-form
[2026-05-14T08:29:37.065Z] GET / — IP: ::1
✅ 304 | 6ms | /
[2026-05-14T08:29:37.081Z] GET /Certify.png — IP: ::1
✅ 304 | 2ms | /Certify.png
[2026-05-14T08:29:38.831Z] GET /upload — IP: ::1
✅ 200 | 3ms | /upload
[2026-05-14T08:29:38.847Z] GET /css/upload.css — IP: ::1
✅ 304 | 2ms | /css/upload.css
[2026-05-14T08:29:46.286Z] POST /api/upload?socketId=GliIyFU4e7TfwzY5AAAB — IP: ::1
✅ 400 | 5677ms | /api/upload?socketId=GliIyFU4e7TfwzY5AAAB
[2026-05-14T08:30:09.645Z] POST /api/upload?socketId=GliIyFU4e7TfwzY5AAAB — IP: ::1
[2026-05-14T08:30:33.526Z] POST /api/upload?socketId=GliIyFU4e7TfwzY5AAAB — IP: ::1
✅ 400 | 24437ms | /api/upload?socketId=GliIyFU4e7TfwzY5AAAB
[2026-05-14T08:30:37.423Z] POST /api/upload?socketId=GliIyFU4e7TfwzY5AAAB — IP: ::1
[2026-05-14T08:30:58.855Z] POST /api/upload?socketId=GliIyFU4e7TfwzY5AAAB — IP: ::1
✅ 400 | 27309ms | /api/upload?socketId=GliIyFU4e7TfwzY5AAAB
✅ 400 | 26779ms | /api/upload?socketId=GliIyFU4e7TfwzY5AAAB
[2026-05-14T08:31:15.886Z] POST /api/upload?socketId=GliIyFU4e7TfwzY5AAAB — IP: ::1
✅ 200 | 7709ms | /api/upload?socketId=GliIyFU4e7TfwzY5AAAB
✅ 400 | 25685ms | /api/upload?socketId=GliIyFU4e7TfwzY5AAAB
[2026-05-14T08:31:27.776Z] GET /result — IP: ::1
✅ 304 | 3ms | /result
[2026-05-14T08:31:32.162Z] GET /upload — IP: ::1
✅ 304 | 3ms | /upload
[2026-05-14T08:31:32.174Z] GET /css/upload.css — IP: ::1
✅ 304 | 2ms | /css/upload.css
[2026-05-14T08:31:44.824Z] POST /api/upload?socketId=6vpwKAT7GS96QGKAAAAD — IP: ::1
✅ 400 | 4700ms | /api/upload?socketId=6vpwKAT7GS96QGKAAAAD
[2026-05-14T08:31:58.486Z] POST /api/upload?socketId=6vpwKAT7GS96QGKAAAAD — IP: ::1
✅ 400 | 4668ms | /api/upload?socketId=6vpwKAT7GS96QGKAAAAD
[2026-05-14T08:33:58.004Z] POST /api/upload?socketId=QKGJ38mVJK-xagH6AAAB — IP: ::1
[2026-05-14T08:34:01.172Z] POST /api/upload?socketId=QKGJ38mVJK-xagH6AAAB — IP: ::1
✅ 200 | 5003ms | /api/upload?socketId=QKGJ38mVJK-xagH6AAAB
[2026-05-14T08:34:04.232Z] GET /result — IP: ::1
✅ 304 | 10ms | /result
[2026-05-14T08:34:08.005Z] GET /upload — IP: ::1
✅ 302 | 3ms | /upload
[2026-05-14T08:34:08.014Z] GET /api/login — IP: ::1
✅ 304 | 3ms | /api/login
[2026-05-14T08:34:30.436Z] POST /api/login-form — IP: ::1
✅ 302 | 160ms | /api/login-form
[2026-05-14T08:34:30.600Z] GET / — IP: ::1
✅ 304 | 5ms | /
[2026-05-14T08:34:30.613Z] GET /Certify.png — IP: ::1
✅ 304 | 2ms | /Certify.png
[2026-05-14T08:34:32.050Z] GET /upload — IP: ::1
✅ 200 | 3ms | /upload
[2026-05-14T08:34:32.066Z] GET /css/upload.css — IP: ::1
✅ 304 | 3ms | /css/upload.css
[2026-05-14T08:34:43.195Z] POST /api/upload?socketId=8ro9fEpf-9xH3irCAAAD — IP: ::1
✅ 200 | 12302ms | /api/upload?socketId=8ro9fEpf-9xH3irCAAAD
[2026-05-14T08:34:56.956Z] GET /result — IP: ::1
✅ 304 | 3ms | /result
[2026-05-14T08:35:01.410Z] GET /upload — IP: ::1
✅ 304 | 3ms | /upload
[2026-05-14T08:35:01.421Z] GET /css/upload.css — IP: ::1
✅ 304 | 1ms | /css/upload.css
[2026-05-14T08:35:08.734Z] POST /api/upload?socketId=WPV_kDAPmUcOVvWuAAAF — IP: ::1
✅ 200 | 5437ms | /api/upload?socketId=WPV_kDAPmUcOVvWuAAAF
[2026-05-14T08:35:15.389Z] GET /result — IP: ::1
✅ 304 | 2ms | /result
[2026-05-14T08:35:19.044Z] GET /upload — IP: ::1
✅ 304 | 2ms | /upload
[2026-05-14T08:35:19.059Z] GET /css/upload.css — IP: ::1
✅ 304 | 3ms | /css/upload.css
[2026-05-14T08:35:32.747Z] POST /api/upload?socketId=LEeP8nEuF1AhA2XVAAAH — IP: ::1
✅ 400 | 6022ms | /api/upload?socketId=LEeP8nEuF1AhA2XVAAAH
[2026-05-14T08:36:00.400Z] POST /api/upload?socketId=LEeP8nEuF1AhA2XVAAAH — IP: ::1
✅ 200 | 5212ms | /api/upload?socketId=LEeP8nEuF1AhA2XVAAAH
[2026-05-14T08:36:06.838Z] GET /result — IP: ::1
✅ 304 | 3ms | /result
[2026-05-18T16:52:00.784Z] GET / — IP: ::1
✅ 302 | 28ms | /
[2026-05-18T16:52:00.816Z] GET /api/login — IP: ::1
✅ 200 | 42ms | /api/login
[2026-05-18T16:52:12.615Z] GET / — IP: ::1
✅ 302 | 5ms | /
[2026-05-18T16:52:12.632Z] GET /api/login — IP: ::1
✅ 200 | 13ms | /api/login
[2026-05-18T16:52:24.178Z] POST /api/login-form — IP: ::1
✅ 200 | 911ms | /api/login-form
[2026-05-18T16:52:26.429Z] GET /api/register — IP: ::1
✅ 200 | 9ms | /api/register
[2026-05-18T16:52:38.595Z] POST /api/register-form — IP: ::1
✅ 200 | 183ms | /api/register-form
[2026-05-18T16:52:45.312Z] GET /.well-known/appspecific/com.chrome.devtools.json — IP: ::1
✅ 404 | 4ms | /.well-known/appspecific/com.chrome.devtools.json
[2026-05-18T16:54:49.134Z] GET / — IP: ::1
✅ 302 | 27ms | /
[2026-05-18T16:54:49.167Z] GET /api/login — IP: ::1
✅ 304 | 29ms | /api/login
[2026-05-18T16:54:51.690Z] GET /api/register — IP: ::1
✅ 304 | 8ms | /api/register
[2026-05-18T16:55:03.572Z] POST /api/register-form — IP: ::1
✅ 302 | 391ms | /api/register-form
[2026-05-18T16:55:03.967Z] GET / — IP: ::1
✅ 200 | 12ms | /
[2026-05-18T16:55:04.006Z] GET /Certify.png — IP: ::1
✅ 200 | 26ms | /Certify.png
[2026-05-18T16:55:08.054Z] GET /upload — IP: ::1
✅ 200 | 8ms | /upload
[2026-05-18T16:55:08.102Z] GET /css/upload.css — IP: ::1
✅ 200 | 14ms | /css/upload.css
[2026-05-18T17:22:07.536Z] GET / — IP: ::1
✅ 302 | 11ms | /
[2026-05-18T17:22:07.549Z] GET /api/login — IP: ::1
✅ 304 | 11ms | /api/login
[2026-05-18T17:22:08.811Z] GET / — IP: ::1
✅ 302 | 3ms | /
[2026-05-18T17:22:08.817Z] GET /api/login — IP: ::1
✅ 304 | 4ms | /api/login
[2026-05-18T17:22:16.820Z] POST /api/login-form — IP: ::1
✅ 200 | 98ms | /api/login-form
[2026-05-18T17:22:39.794Z] POST /api/login-form — IP: ::1
✅ 302 | 95ms | /api/login-form
[2026-05-18T17:22:39.891Z] GET / — IP: ::1
✅ 200 | 4ms | /
[2026-05-18T17:22:39.908Z] GET /Certify.png — IP: ::1
✅ 304 | 2ms | /Certify.png
[2026-05-18T17:22:41.877Z] GET /upload — IP: ::1
✅ 304 | 3ms | /upload
[2026-05-18T17:22:41.895Z] GET /css/upload.css — IP: ::1
✅ 304 | 2ms | /css/upload.css
[2026-05-18T17:22:53.173Z] POST /api/upload?socketId=ggtm3DlbpCqpHotfAAAB — IP: ::1
✅ 500 | 3671ms | /api/upload?socketId=ggtm3DlbpCqpHotfAAAB
[2026-05-18T17:26:28.033Z] GET /upload — IP: ::ffff:127.0.0.1
✅ 302 | 7ms | /upload
[2026-05-18T17:26:28.043Z] GET /api/login — IP: ::ffff:127.0.0.1
✅ 304 | 11ms | /api/login
[2026-05-18T17:26:39.960Z] POST /api/login-form — IP: ::1
✅ 302 | 151ms | /api/login-form
[2026-05-18T17:26:40.113Z] GET / — IP: ::1
✅ 304 | 3ms | /
[2026-05-18T17:26:40.127Z] GET /Certify.png — IP: ::1
✅ 304 | 3ms | /Certify.png
[2026-05-18T17:26:41.805Z] GET /upload — IP: ::1
✅ 200 | 5ms | /upload
[2026-05-18T17:26:41.825Z] GET /css/upload.css — IP: ::1
✅ 304 | 2ms | /css/upload.css
[2026-05-18T17:26:47.228Z] POST /api/upload?socketId=D-ONsz5yVbxMqdMSAAAD — IP: ::1
✅ 200 | 7668ms | /api/upload?socketId=D-ONsz5yVbxMqdMSAAAD
[2026-05-18T17:26:56.107Z] GET /result — IP: ::1
✅ 200 | 6ms | /result
[2026-05-18T17:27:42.534Z] GET / — IP: ::1
✅ 304 | 2ms | /
[2026-05-18T17:27:42.551Z] GET /Certify.png — IP: ::1
✅ 304 | 1ms | /Certify.png
[2026-05-18T17:27:43.775Z] GET /upload — IP: ::1
✅ 304 | 3ms | /upload
[2026-05-18T17:27:43.793Z] GET /css/upload.css — IP: ::1
✅ 304 | 2ms | /css/upload.css
[2026-05-18T17:27:48.565Z] POST /api/upload?socketId=6kSE1IR5EeTyxRebAAAF — IP: ::1
✅ 200 | 5591ms | /api/upload?socketId=6kSE1IR5EeTyxRebAAAF
[2026-05-18T17:27:55.367Z] GET /result — IP: ::1
✅ 304 | 3ms | /result
[2026-05-18T17:32:09.749Z] GET / — IP: ::1
✅ 302 | 13ms | /
[2026-05-18T17:32:09.764Z] GET /api/login — IP: ::1
✅ 304 | 11ms | /api/login
[2026-05-18T17:32:24.818Z] POST /api/login-form — IP: ::1
✅ 302 | 153ms | /api/login-form
[2026-05-18T17:32:24.973Z] GET / — IP: ::1
✅ 200 | 5ms | /
[2026-05-18T17:32:24.990Z] GET /Certify.png — IP: ::1
✅ 304 | 2ms | /Certify.png
[2026-05-18T17:32:26.290Z] GET /upload — IP: ::1
✅ 304 | 3ms | /upload
[2026-05-18T17:32:26.306Z] GET /css/upload.css — IP: ::1
✅ 304 | 1ms | /css/upload.css
[2026-05-18T17:32:31.452Z] POST /api/upload?socketId=PfTlCWViQeEYmVyVAAAB — IP: ::1
✅ 200 | 5761ms | /api/upload?socketId=PfTlCWViQeEYmVyVAAAB
[2026-05-18T17:32:38.428Z] GET /result — IP: ::1
✅ 304 | 3ms | /result
[2026-05-18T17:35:24.872Z] GET / — IP: ::1
✅ 302 | 14ms | /
[2026-05-18T17:35:24.888Z] GET /api/login — IP: ::1
✅ 304 | 10ms | /api/login
[2026-05-18T17:35:43.335Z] POST /api/login-form — IP: ::1
✅ 302 | 402ms | /api/login-form
[2026-05-18T17:35:43.739Z] GET / — IP: ::1
✅ 200 | 4ms | /
[2026-05-18T17:35:43.757Z] GET /Certify.png — IP: ::1
✅ 304 | 2ms | /Certify.png
[2026-05-18T17:35:45.133Z] GET /upload — IP: ::1
✅ 304 | 3ms | /upload
[2026-05-18T17:35:45.149Z] GET /css/upload.css — IP: ::1
✅ 304 | 2ms | /css/upload.css
[2026-05-18T17:35:49.871Z] POST /api/upload?socketId=Lnksc1OU6-6mwu3PAAAB — IP: ::1
✅ 200 | 7622ms | /api/upload?socketId=Lnksc1OU6-6mwu3PAAAB
[2026-05-18T17:35:58.704Z] GET /result — IP: ::1
✅ 304 | 4ms | /result
[2026-05-18T17:38:37.025Z] GET / — IP: ::1
✅ 304 | 3ms | /
[2026-05-18T17:38:37.040Z] GET /Certify.png — IP: ::1
✅ 304 | 1ms | /Certify.png
[2026-05-18T17:38:39.440Z] GET /upload — IP: ::1
✅ 304 | 3ms | /upload
[2026-05-18T17:38:39.461Z] GET /css/upload.css — IP: ::1
✅ 304 | 2ms | /css/upload.css
[2026-05-18T17:38:51.271Z] GET / — IP: ::1
✅ 302 | 9ms | /
[2026-05-18T17:38:51.282Z] GET /api/login — IP: ::1
✅ 304 | 9ms | /api/login
[2026-05-18T17:39:02.287Z] POST /api/login-form — IP: ::ffff:127.0.0.1
✅ 302 | 159ms | /api/login-form
[2026-05-18T17:39:02.448Z] GET / — IP: ::ffff:127.0.0.1
✅ 200 | 5ms | /
[2026-05-18T17:39:02.465Z] GET /Certify.png — IP: ::ffff:127.0.0.1
✅ 304 | 3ms | /Certify.png
[2026-05-18T17:39:03.689Z] GET /upload — IP: ::ffff:127.0.0.1
✅ 304 | 3ms | /upload
[2026-05-18T17:39:03.704Z] GET /css/upload.css — IP: ::ffff:127.0.0.1
✅ 304 | 2ms | /css/upload.css
[2026-05-18T17:39:08.786Z] POST /api/upload?socketId=WgJgxIu5ldtg0tsJAAAD — IP: ::1
✅ 200 | 6099ms | /api/upload?socketId=WgJgxIu5ldtg0tsJAAAD
[2026-05-18T17:39:16.095Z] GET /result — IP: ::1
✅ 304 | 4ms | /result
[2026-05-18T17:41:21.519Z] GET / — IP: ::1
✅ 302 | 12ms | /
[2026-05-18T17:41:21.533Z] GET /api/login — IP: ::1
✅ 304 | 11ms | /api/login
[2026-05-18T17:41:32.326Z] POST /api/login-form — IP: ::1
✅ 302 | 333ms | /api/login-form
[2026-05-18T17:41:32.661Z] GET / — IP: ::1
✅ 200 | 4ms | /
[2026-05-18T17:41:32.677Z] GET /Certify.png — IP: ::1
✅ 304 | 2ms | /Certify.png
[2026-05-18T17:41:33.826Z] GET /upload — IP: ::1
✅ 304 | 3ms | /upload
[2026-05-18T17:41:33.842Z] GET /css/upload.css — IP: ::1
✅ 304 | 1ms | /css/upload.css
[2026-05-18T17:41:38.230Z] POST /api/upload?socketId=bbGtPDZZ1rSx3-ltAAAB — IP: ::1
✅ 200 | 7609ms | /api/upload?socketId=bbGtPDZZ1rSx3-ltAAAB
[2026-05-18T17:41:47.048Z] GET /result — IP: ::1
✅ 304 | 4ms | /result
[2026-05-18T17:44:11.749Z] GET / — IP: ::1
✅ 304 | 4ms | /
[2026-05-18T17:44:11.766Z] GET /Certify.png — IP: ::1
✅ 304 | 2ms | /Certify.png
[2026-05-18T17:44:12.990Z] GET /upload — IP: ::1
✅ 304 | 3ms | /upload
[2026-05-18T17:44:13.007Z] GET /css/upload.css — IP: ::1
✅ 304 | 1ms | /css/upload.css
[2026-05-18T17:44:17.378Z] POST /api/upload?socketId=yBeIXqiihfn47bSnAAAD — IP: ::1
✅ 200 | 5250ms | /api/upload?socketId=yBeIXqiihfn47bSnAAAD
[2026-05-18T17:44:23.837Z] GET /result — IP: ::1
✅ 304 | 3ms | /result
[2026-05-18T17:45:34.804Z] GET / — IP: ::1
✅ 304 | 3ms | /
[2026-05-18T17:45:34.820Z] GET /Certify.png — IP: ::1
✅ 304 | 2ms | /Certify.png
[2026-05-18T17:55:07.281Z] GET /upload — IP: ::1
✅ 302 | 14ms | /upload
[2026-05-18T17:55:07.298Z] GET /api/login — IP: ::1
✅ 304 | 14ms | /api/login
[2026-05-18T17:55:24.939Z] POST /api/login-form — IP: ::1
✅ 302 | 231ms | /api/login-form
[2026-05-18T17:55:25.174Z] GET / — IP: ::1
✅ 304 | 6ms | /
[2026-05-18T17:55:25.200Z] GET /Certify.png — IP: ::1
✅ 304 | 3ms | /Certify.png
[2026-05-18T17:55:26.484Z] GET /upload — IP: ::1
✅ 200 | 4ms | /upload
[2026-05-18T17:55:26.509Z] GET /css/upload.css — IP: ::1
✅ 304 | 2ms | /css/upload.css
[2026-05-18T17:55:31.062Z] POST /api/upload?socketId=EeeChQwm5YQQnHC5AAAB — IP: ::1
✅ 200 | 6663ms | /api/upload?socketId=EeeChQwm5YQQnHC5AAAB
[2026-05-18T17:55:38.939Z] GET /result — IP: ::1
✅ 304 | 6ms | /result
[2026-05-18T18:04:32.399Z] GET / — IP: ::1
✅ 302 | 17ms | /
[2026-05-18T18:04:32.418Z] GET /api/login — IP: ::1
✅ 304 | 14ms | /api/login
[2026-05-18T18:04:46.036Z] POST /api/login-form — IP: ::1
✅ 302 | 191ms | /api/login-form
[2026-05-18T18:04:46.230Z] GET / — IP: ::1
✅ 200 | 4ms | /
[2026-05-18T18:04:46.251Z] GET /Certify.png — IP: ::1
✅ 304 | 2ms | /Certify.png
[2026-05-18T18:04:48.839Z] GET /upload — IP: ::1
✅ 304 | 6ms | /upload
[2026-05-18T18:04:48.868Z] GET /css/upload.css — IP: ::1
✅ 304 | 4ms | /css/upload.css
[2026-05-18T18:04:57.869Z] POST /api/upload?socketId=5oz_aweTWkRwekYUAAAB — IP: ::1
✅ 200 | 6262ms | /api/upload?socketId=5oz_aweTWkRwekYUAAAB
[2026-05-18T18:05:05.344Z] GET /result — IP: ::1
✅ 304 | 6ms | /result
[2026-05-18T18:06:44.558Z] GET / — IP: ::1
✅ 304 | 8ms | /
[2026-05-18T18:06:44.588Z] GET /Certify.png — IP: ::1
✅ 304 | 3ms | /Certify.png
[2026-05-18T18:06:55.249Z] GET /upload — IP: ::1
✅ 302 | 14ms | /upload
[2026-05-18T18:06:55.268Z] GET /api/login — IP: ::1
✅ 304 | 14ms | /api/login
[2026-05-18T18:07:10.714Z] POST /api/login-form — IP: ::1
✅ 302 | 215ms | /api/login-form
[2026-05-18T18:07:10.932Z] GET / — IP: ::1
✅ 304 | 6ms | /
[2026-05-18T18:07:10.958Z] GET /Certify.png — IP: ::1
✅ 304 | 4ms | /Certify.png
[2026-05-18T18:07:12.284Z] GET /upload — IP: ::1
✅ 200 | 4ms | /upload
[2026-05-18T18:07:12.306Z] GET /css/upload.css — IP: ::1
✅ 304 | 2ms | /css/upload.css
[2026-05-18T18:07:17.641Z] POST /api/upload?socketId=qGBAWyeq-igAHB1SAAAB — IP: ::1
✅ 200 | 6256ms | /api/upload?socketId=qGBAWyeq-igAHB1SAAAB
[2026-05-18T18:07:25.112Z] GET /result — IP: ::1
✅ 304 | 6ms | /result
[2026-05-18T18:09:37.982Z] GET / — IP: ::1
✅ 302 | 17ms | /
[2026-05-18T18:09:38.002Z] GET /api/login — IP: ::1
✅ 304 | 15ms | /api/login
[2026-05-18T18:09:51.154Z] POST /api/login-form — IP: ::1
✅ 302 | 203ms | /api/login-form
[2026-05-18T18:09:51.361Z] GET / — IP: ::1
✅ 200 | 7ms | /
[2026-05-18T18:09:51.386Z] GET /Certify.png — IP: ::1
✅ 304 | 3ms | /Certify.png
[2026-05-18T18:09:52.607Z] GET /upload — IP: ::1
✅ 304 | 4ms | /upload
[2026-05-18T18:09:52.633Z] GET /css/upload.css — IP: ::1
✅ 304 | 1ms | /css/upload.css
[2026-05-18T18:09:57.056Z] POST /api/upload?socketId=fKW54IezX5rXr04pAAAB — IP: ::1
✅ 200 | 6760ms | /api/upload?socketId=fKW54IezX5rXr04pAAAB
[2026-05-18T18:10:05.044Z] GET /result — IP: ::1
✅ 304 | 6ms | /result
[2026-05-18T18:13:41.889Z] GET / — IP: ::1
✅ 302 | 31ms | /
[2026-05-18T18:13:41.925Z] GET /api/login — IP: ::1
✅ 304 | 28ms | /api/login
[2026-05-18T18:13:55.097Z] POST /api/login-form — IP: ::1
✅ 302 | 367ms | /api/login-form
[2026-05-18T18:13:55.470Z] GET / — IP: ::1
✅ 200 | 19ms | /
[2026-05-18T18:13:55.529Z] GET /Certify.png — IP: ::1
✅ 304 | 10ms | /Certify.png
[2026-05-18T18:13:57.004Z] GET /upload — IP: ::1
✅ 304 | 7ms | /upload
[2026-05-18T18:13:57.051Z] GET /css/upload.css — IP: ::1
✅ 304 | 7ms | /css/upload.css
[2026-05-18T18:14:02.779Z] POST /api/upload?socketId=AAgGljNjwpGU6gXwAAAB — IP: ::1
✅ 200 | 7088ms | /api/upload?socketId=AAgGljNjwpGU6gXwAAAB
[2026-05-18T18:14:11.085Z] GET /result — IP: ::1
✅ 304 | 11ms | /result
[2026-05-18T18:16:22.047Z] GET / — IP: ::1
✅ 302 | 31ms | /
[2026-05-18T18:16:22.084Z] GET /api/login — IP: ::1
✅ 304 | 26ms | /api/login
[2026-05-18T18:16:32.026Z] POST /api/login-form — IP: ::1
✅ 302 | 1075ms | /api/login-form
[2026-05-18T18:16:33.106Z] GET / — IP: ::1
✅ 200 | 10ms | /
[2026-05-18T18:16:33.141Z] GET /Certify.png — IP: ::1
✅ 304 | 4ms | /Certify.png
[2026-05-18T18:16:35.808Z] GET /upload — IP: ::1
✅ 304 | 8ms | /upload
[2026-05-18T18:16:35.849Z] GET /css/upload.css — IP: ::1
✅ 304 | 6ms | /css/upload.css
[2026-05-18T18:16:41.248Z] POST /api/upload?socketId=6jetZUxZcdXrEkJnAAAB — IP: ::1
✅ 200 | 7319ms | /api/upload?socketId=6jetZUxZcdXrEkJnAAAB
[2026-05-18T18:16:49.789Z] GET /result — IP: ::1
✅ 304 | 9ms | /result
[2026-05-18T18:20:32.092Z] GET / — IP: ::1
✅ 302 | 32ms | /
[2026-05-18T18:20:32.130Z] GET /api/login — IP: ::1
✅ 304 | 25ms | /api/login
[2026-05-18T18:20:43.943Z] POST /api/login-form — IP: ::1
✅ 302 | 371ms | /api/login-form
[2026-05-18T18:20:44.319Z] GET / — IP: ::1
✅ 200 | 13ms | /
[2026-05-18T18:20:44.363Z] GET /Certify.png — IP: ::1
✅ 304 | 6ms | /Certify.png
[2026-05-18T18:20:45.572Z] GET /upload — IP: ::1
✅ 304 | 9ms | /upload
[2026-05-18T18:20:45.617Z] GET /css/upload.css — IP: ::1
✅ 304 | 4ms | /css/upload.css
[2026-05-18T18:20:57.106Z] POST /api/upload?socketId=E_G2jkFuBeZljUhpAAAB — IP: ::1
✅ 200 | 9842ms | /api/upload?socketId=E_G2jkFuBeZljUhpAAAB
[2026-05-18T18:21:08.173Z] GET /result — IP: ::1
✅ 304 | 12ms | /result
